Archive member included because of file (symbol)

c:/imt_sdk_win_64/winavr/bin/../lib/gcc/avr/4.3.3/avr5\libgcc.a(_exit.o)
                              c:/imt_sdk_win_64/winavr/bin/../lib/gcc/avr/4.3.3/../../../../avr/lib/avr5/crtm32.o (exit)
c:/imt_sdk_win_64/winavr/bin/../lib/gcc/avr/4.3.3/avr5\libgcc.a(_copy_data.o)
                              ./MCAL/ADC/ADC_prg.o (__do_copy_data)
c:/imt_sdk_win_64/winavr/bin/../lib/gcc/avr/4.3.3/avr5\libgcc.a(_clear_bss.o)
                              ./MCAL/ADC/ADC_prg.o (__do_clear_bss)
c:/imt_sdk_win_64/winavr/bin/../lib/gcc/avr/4.3.3/../../../../avr/lib/avr5\libc.a(memcpy.o)
                              ./queue.o (memcpy)
c:/imt_sdk_win_64/winavr/bin/../lib/gcc/avr/4.3.3/../../../../avr/lib/avr5\libc.a(memset.o)
                              ./tasks.o (memset)
c:/imt_sdk_win_64/winavr/bin/../lib/gcc/avr/4.3.3/../../../../avr/lib/avr5\libc.a(strncpy.o)
                              ./tasks.o (strncpy)

Allocating common symbols
Common symbol       size              file

ADC_Callback_2      0x2               ./MCAL/ADC/ADC_prg.o
ADC_Callback        0x2               ./MCAL/ADC/ADC_prg.o
G_pu16ADC_Data      0x2               ./MCAL/ADC/ADC_prg.o

Memory Configuration

Name             Origin             Length             Attributes
text             0x00000000         0x00020000         xr
data             0x00800060         0x0000ffa0         rw !x
eeprom           0x00810000         0x00010000         rw !x
fuse             0x00820000         0x00000400         rw !x
lock             0x00830000         0x00000400         rw !x
signature        0x00840000         0x00000400         rw !x
*default*        0x00000000         0xffffffff

Linker script and memory map

LOAD c:/imt_sdk_win_64/winavr/bin/../lib/gcc/avr/4.3.3/../../../../avr/lib/avr5/crtm32.o
LOAD ./MCAL/UART/UART_prg.o
LOAD ./MCAL/SPI/SPI_prg.o
LOAD ./MCAL/GIE/GIE_prg.o
LOAD ./MCAL/EXTI/EXTI_prg.o
LOAD ./MCAL/DIO/DIO_prg.o
LOAD ./MCAL/ADC/ADC_prg.o
LOAD ./croutine.o
LOAD ./heap_1.o
LOAD ./list.o
LOAD ./main.o
LOAD ./port.o
LOAD ./queue.o
LOAD ./tasks.o
LOAD ./timers.o
LOAD c:/imt_sdk_win_64/winavr/bin/../lib/gcc/avr/4.3.3/avr5\libgcc.a
LOAD c:/imt_sdk_win_64/winavr/bin/../lib/gcc/avr/4.3.3/../../../../avr/lib/avr5\libc.a
LOAD c:/imt_sdk_win_64/winavr/bin/../lib/gcc/avr/4.3.3/avr5\libgcc.a

.hash
 *(.hash)

.dynsym
 *(.dynsym)

.dynstr
 *(.dynstr)

.gnu.version
 *(.gnu.version)

.gnu.version_d
 *(.gnu.version_d)

.gnu.version_r
 *(.gnu.version_r)

.rel.init
 *(.rel.init)

.rela.init
 *(.rela.init)

.rel.text
 *(.rel.text)
 *(.rel.text.*)
 *(.rel.gnu.linkonce.t*)

.rela.text
 *(.rela.text)
 *(.rela.text.*)
 *(.rela.gnu.linkonce.t*)

.rel.fini
 *(.rel.fini)

.rela.fini
 *(.rela.fini)

.rel.rodata
 *(.rel.rodata)
 *(.rel.rodata.*)
 *(.rel.gnu.linkonce.r*)

.rela.rodata
 *(.rela.rodata)
 *(.rela.rodata.*)
 *(.rela.gnu.linkonce.r*)

.rel.data
 *(.rel.data)
 *(.rel.data.*)
 *(.rel.gnu.linkonce.d*)

.rela.data
 *(.rela.data)
 *(.rela.data.*)
 *(.rela.gnu.linkonce.d*)

.rel.ctors
 *(.rel.ctors)

.rela.ctors
 *(.rela.ctors)

.rel.dtors
 *(.rel.dtors)

.rela.dtors
 *(.rela.dtors)

.rel.got
 *(.rel.got)

.rela.got
 *(.rela.got)

.rel.bss
 *(.rel.bss)

.rela.bss
 *(.rela.bss)

.rel.plt
 *(.rel.plt)

.rela.plt
 *(.rela.plt)

.text           0x00000000     0x1c58
 *(.vectors)
 .vectors       0x00000000       0x54 c:/imt_sdk_win_64/winavr/bin/../lib/gcc/avr/4.3.3/../../../../avr/lib/avr5/crtm32.o
                0x00000000                __vectors
                0x00000000                __vector_default
 *(.vectors)
 *(.progmem.gcc*)
 *(.progmem*)
                0x00000054                . = ALIGN (0x2)
                0x00000054                __trampolines_start = .
 *(.trampolines)
 .trampolines   0x00000054        0x0 linker stubs
 *(.trampolines*)
                0x00000054                __trampolines_end = .
 *(.jumptables)
 *(.jumptables*)
 *(.lowtext)
 *(.lowtext*)
                0x00000054                __ctors_start = .
 *(.ctors)
                0x00000054                __ctors_end = .
                0x00000054                __dtors_start = .
 *(.dtors)
                0x00000054                __dtors_end = .
 SORT(*)(.ctors)
 SORT(*)(.dtors)
 *(.init0)
 .init0         0x00000054        0x0 c:/imt_sdk_win_64/winavr/bin/../lib/gcc/avr/4.3.3/../../../../avr/lib/avr5/crtm32.o
                0x00000054                __init
 *(.init0)
 *(.init1)
 *(.init1)
 *(.init2)
 .init2         0x00000054        0xc c:/imt_sdk_win_64/winavr/bin/../lib/gcc/avr/4.3.3/../../../../avr/lib/avr5/crtm32.o
 *(.init2)
 *(.init3)
 *(.init3)
 *(.init4)
 .init4         0x00000060       0x16 c:/imt_sdk_win_64/winavr/bin/../lib/gcc/avr/4.3.3/avr5\libgcc.a(_copy_data.o)
                0x00000060                __do_copy_data
 .init4         0x00000076       0x10 c:/imt_sdk_win_64/winavr/bin/../lib/gcc/avr/4.3.3/avr5\libgcc.a(_clear_bss.o)
                0x00000076                __do_clear_bss
 *(.init4)
 *(.init5)
 *(.init5)
 *(.init6)
 *(.init6)
 *(.init7)
 *(.init7)
 *(.init8)
 *(.init8)
 *(.init9)
 .init9         0x00000086        0x8 c:/imt_sdk_win_64/winavr/bin/../lib/gcc/avr/4.3.3/../../../../avr/lib/avr5/crtm32.o
 *(.init9)
 *(.text)
 .text          0x0000008e        0x4 c:/imt_sdk_win_64/winavr/bin/../lib/gcc/avr/4.3.3/../../../../avr/lib/avr5/crtm32.o
                0x0000008e                __vector_1
                0x0000008e                __vector_12
                0x0000008e                __bad_interrupt
                0x0000008e                __vector_6
                0x0000008e                __vector_3
                0x0000008e                __vector_11
                0x0000008e                __vector_13
                0x0000008e                __vector_17
                0x0000008e                __vector_19
                0x0000008e                __vector_5
                0x0000008e                __vector_4
                0x0000008e                __vector_9
                0x0000008e                __vector_2
                0x0000008e                __vector_15
                0x0000008e                __vector_8
                0x0000008e                __vector_14
                0x0000008e                __vector_10
                0x0000008e                __vector_18
                0x0000008e                __vector_20
 .text          0x00000092        0x0 ./MCAL/UART/UART_prg.o
 .text          0x00000092        0x0 ./MCAL/SPI/SPI_prg.o
 .text          0x00000092        0x0 ./MCAL/GIE/GIE_prg.o
 .text          0x00000092        0x0 ./MCAL/EXTI/EXTI_prg.o
 .text          0x00000092        0x0 ./MCAL/DIO/DIO_prg.o
 .text          0x00000092        0x0 ./MCAL/ADC/ADC_prg.o
 .text          0x00000092        0x0 ./croutine.o
 .text          0x00000092        0x0 ./heap_1.o
 .text          0x00000092        0x0 ./list.o
 .text          0x00000092        0x0 ./main.o
 .text          0x00000092        0x0 ./port.o
 .text          0x00000092        0x0 ./queue.o
 .text          0x00000092        0x0 ./tasks.o
 .text          0x00000092        0x0 ./timers.o
 .text          0x00000092        0x0 c:/imt_sdk_win_64/winavr/bin/../lib/gcc/avr/4.3.3/avr5\libgcc.a(_exit.o)
 .text          0x00000092        0x0 c:/imt_sdk_win_64/winavr/bin/../lib/gcc/avr/4.3.3/avr5\libgcc.a(_copy_data.o)
 .text          0x00000092        0x0 c:/imt_sdk_win_64/winavr/bin/../lib/gcc/avr/4.3.3/avr5\libgcc.a(_clear_bss.o)
 .text          0x00000092        0x0 c:/imt_sdk_win_64/winavr/bin/../lib/gcc/avr/4.3.3/../../../../avr/lib/avr5\libc.a(memcpy.o)
 .text          0x00000092        0x0 c:/imt_sdk_win_64/winavr/bin/../lib/gcc/avr/4.3.3/../../../../avr/lib/avr5\libc.a(memset.o)
 .text          0x00000092        0x0 c:/imt_sdk_win_64/winavr/bin/../lib/gcc/avr/4.3.3/../../../../avr/lib/avr5\libc.a(strncpy.o)
                0x00000092                . = ALIGN (0x2)
 *(.text.*)
 .text.MUART_vInit
                0x00000092        0xe ./MCAL/UART/UART_prg.o
                0x00000092                MUART_vInit
 .text.MUART_vTransmit
                0x000000a0        0x8 ./MCAL/UART/UART_prg.o
                0x000000a0                MUART_vTransmit
 .text.MUART_u8Recieve
                0x000000a8        0x8 ./MCAL/UART/UART_prg.o
                0x000000a8                MUART_u8Recieve
 .text.MSPI_u8Transmit__receive
                0x000000b0        0x6 ./MCAL/SPI/SPI_prg.o
                0x000000b0                MSPI_u8Transmit(long double,...)(char,...)(int, void,...)
 .text.MSPI_u8Transmit
                0x000000b6        0x4 ./MCAL/SPI/SPI_prg.o
                0x000000b6                MSPI_u8Transmit
 .text.MSPI_u8receive
                0x000000ba        0x4 ./MCAL/SPI/SPI_prg.o
                0x000000ba                MSPI_u8receive
 .text.MSPI_vInit
                0x000000be       0x24 ./MCAL/SPI/SPI_prg.o
                0x000000be                MSPI_vInit
 .text.MGIE_vEnableGlobalInterrupt
                0x000000e2        0x8 ./MCAL/GIE/GIE_prg.o
                0x000000e2                MGIE_vEnableGlobalInterrupt
 .text.MGIE_vDisableGlobalInterrupt
                0x000000ea        0x8 ./MCAL/GIE/GIE_prg.o
                0x000000ea                MGIE_vDisableGlobalInterrupt
 .text.MEXTI_vInit
                0x000000f2       0x32 ./MCAL/EXTI/EXTI_prg.o
                0x000000f2                MEXTI_vInit
 .text.MEXTI_vEnableInterrupt
                0x00000124        0x2 ./MCAL/EXTI/EXTI_prg.o
                0x00000124                MEXTI_vEnableInterrupt
 .text.MEXTI_vDisableInterrupt
                0x00000126        0x2 ./MCAL/EXTI/EXTI_prg.o
                0x00000126                MEXTI_vDisableInterrupt
 .text.MEXTI_vSetSenseControl
                0x00000128        0x2 ./MCAL/EXTI/EXTI_prg.o
                0x00000128                MEXTI_vSetSenseControl
 .text.MDIO_vSetPinDIR
                0x0000012a       0xf0 ./MCAL/DIO/DIO_prg.o
                0x0000012a                MDIO_vSetPinDIR
 .text.MDIO_vSetPinVal
                0x0000021a       0xe6 ./MCAL/DIO/DIO_prg.o
                0x0000021a                MDIO_vSetPinVal
 .text.MDIO_u8GetPinVal
                0x00000300       0x40 ./MCAL/DIO/DIO_prg.o
                0x00000300                MDIO_u8GetPinVal
 .text.MDIO_vSetPortDIR
                0x00000340       0x22 ./MCAL/DIO/DIO_prg.o
                0x00000340                MDIO_vSetPortDIR
 .text.MDIO_vSetPortVal
                0x00000362       0x22 ./MCAL/DIO/DIO_prg.o
                0x00000362                MDIO_vSetPortVal
 .text.MDIO_vTogPinVal
                0x00000384       0x6a ./MCAL/DIO/DIO_prg.o
                0x00000384                MDIO_vTogPinVal
 .text.MADC_vInit
                0x000003ee       0x16 ./MCAL/ADC/ADC_prg.o
                0x000003ee                MADC_vInit
 .text.MADC_u16AnalogRead
                0x00000404       0x1a ./MCAL/ADC/ADC_prg.o
                0x00000404                MADC_u16AnalogRead
 .text.MADC_vStartConversion
                0x0000041e        0xe ./MCAL/ADC/ADC_prg.o
                0x0000041e                MADC_vStartConversion
 .text.MADC_u16GetADCData
                0x0000042c        0x8 ./MCAL/ADC/ADC_prg.o
                0x0000042c                MADC_u16GetADCData
 .text.MADC_vSetCallback
                0x00000434        0xa ./MCAL/ADC/ADC_prg.o
                0x00000434                MADC_vSetCallback
 .text.MADC_vStartADCConversion_Asynch
                0x0000043e       0x1e ./MCAL/ADC/ADC_prg.o
                0x0000043e                MADC_vStartADCConversion_Asynch
 .text.MADC_xGetFlagStatus
                0x0000045c       0x14 ./MCAL/ADC/ADC_prg.o
                0x0000045c                MADC_xGetFlagStatus
 .text.__vector_16
                0x00000470       0x76 ./MCAL/ADC/ADC_prg.o
                0x00000470                __vector_16
 .text.xCoRoutineRemoveFromEventList
                0x000004e6       0x4e ./croutine.o
                0x000004e6                xCoRoutineRemoveFromEventList
 .text.vCoRoutineSchedule
                0x00000534      0x1c0 ./croutine.o
                0x00000534                vCoRoutineSchedule
 .text.vCoRoutineAddToDelayedList
                0x000006f4       0x7a ./croutine.o
                0x000006f4                vCoRoutineAddToDelayedList
 .text.xCoRoutineCreate
                0x0000076e       0xf4 ./croutine.o
                0x0000076e                xCoRoutineCreate
 .text.vPortFree
                0x00000862        0x2 ./heap_1.o
                0x00000862                vPortFree
 .text.vPortInitialiseBlocks
                0x00000864        0xa ./heap_1.o
                0x00000864                vPortInitialiseBlocks
 .text.xPortGetFreeHeapSize
                0x0000086e       0x14 ./heap_1.o
                0x0000086e                xPortGetFreeHeapSize
 .text.pvPortMalloc
                0x00000882       0x4e ./heap_1.o
                0x00000882                pvPortMalloc
 .text.vListInitialise
                0x000008d0       0x20 ./list.o
                0x000008d0                vListInitialise
 .text.vListInitialiseItem
                0x000008f0        0x8 ./list.o
                0x000008f0                vListInitialiseItem
 .text.vListInsertEnd
                0x000008f8       0x52 ./list.o
                0x000008f8                vListInsertEnd
 .text.vListInsert
                0x0000094a       0x6a ./list.o
                0x0000094a                vListInsert
 .text.vListRemove
                0x000009b4       0x50 ./list.o
                0x000009b4                vListRemove
 .text.main     0x00000a04       0x92 ./main.o
                0x00000a04                main
 .text.Task_led3
                0x00000a96       0x12 ./main.o
                0x00000a96                Task_led3
 .text.Task_led2
                0x00000aa8       0x12 ./main.o
                0x00000aa8                Task_led2
 .text.Task_led1
                0x00000aba       0x12 ./main.o
                0x00000aba                Task_led1
 .text.pxPortInitialiseStack
                0x00000acc       0x90 ./port.o
                0x00000acc                pxPortInitialiseStack
 .text.xPortStartScheduler
                0x00000b5c       0x6a ./port.o
                0x00000b5c                xPortStartScheduler
 .text.vPortEndScheduler
                0x00000bc6        0x2 ./port.o
                0x00000bc6                vPortEndScheduler
 .text.vPortYieldFromTick
                0x00000bc8       0xb6 ./port.o
                0x00000bc8                vPortYieldFromTick
 .text.__vector_7
                0x00000c7e        0x6 ./port.o
                0x00000c7e                __vector_7
 .text.vPortYield
                0x00000c84       0xb2 ./port.o
                0x00000c84                vPortYield
 .text.uxQueueMessagesWaiting
                0x00000d36       0x10 ./queue.o
                0x00000d36                uxQueueMessagesWaiting
 .text.uxQueueMessagesWaitingFromISR
                0x00000d46        0x6 ./queue.o
                0x00000d46                uxQueueMessagesWaitingFromISR
 .text.xQueueIsQueueEmptyFromISR
                0x00000d4c       0x10 ./queue.o
                0x00000d4c                xQueueIsQueueEmptyFromISR
 .text.xQueueIsQueueFullFromISR
                0x00000d5c       0x12 ./queue.o
                0x00000d5c                xQueueIsQueueFullFromISR
 .text.vQueueDelete
                0x00000d6e       0x1c ./queue.o
                0x00000d6e                vQueueDelete
 .text.xQueueReceiveFromISR
                0x00000d8a       0x7e ./queue.o
                0x00000d8a                xQueueReceiveFromISR
 .text.prvCopyDataToQueue
                0x00000e08       0x82 ./queue.o
 .text.xQueueGenericSendFromISR
                0x00000e8a       0x50 ./queue.o
                0x00000e8a                xQueueGenericSendFromISR
 .text.prvUnlockQueue
                0x00000eda       0x80 ./queue.o
 .text.xQueueGenericReceive
                0x00000f5a      0x198 ./queue.o
                0x00000f5a                xQueueGenericReceive
 .text.xQueueGenericSend
                0x000010f2      0x148 ./queue.o
                0x000010f2                xQueueGenericSend
 .text.xQueueCreate
                0x0000123a       0xbe ./queue.o
                0x0000123a                xQueueCreate
 .text.vTaskSuspendAll
                0x000012f8        0xc ./tasks.o
                0x000012f8                vTaskSuspendAll
 .text.xTaskGetTickCount
                0x00001304       0x16 ./tasks.o
                0x00001304                xTaskGetTickCount
 .text.xTaskGetTickCountFromISR
                0x0000131a        0xc ./tasks.o
                0x0000131a                xTaskGetTickCountFromISR
 .text.uxTaskGetNumberOfTasks
                0x00001326        0x6 ./tasks.o
                0x00001326                uxTaskGetNumberOfTasks
 .text.vTaskSwitchContext
                0x0000132c       0x84 ./tasks.o
                0x0000132c                vTaskSwitchContext
 .text.vTaskSetTimeOutState
                0x000013b0       0x16 ./tasks.o
                0x000013b0                vTaskSetTimeOutState
 .text.xTaskCheckForTimeOut
                0x000013c6       0x74 ./tasks.o
                0x000013c6                xTaskCheckForTimeOut
 .text.vTaskMissedYield
                0x0000143a        0x8 ./tasks.o
                0x0000143a                vTaskMissedYield
 .text.xTaskRemoveFromEventList
                0x00001442       0x7e ./tasks.o
                0x00001442                xTaskRemoveFromEventList
 .text.vTaskIncrementTick
                0x000014c0      0x148 ./tasks.o
                0x000014c0                vTaskIncrementTick
 .text.prvAddCurrentTaskToDelayedList
                0x00001608       0x6e ./tasks.o
 .text.vTaskPlaceOnEventList
                0x00001676       0x3a ./tasks.o
                0x00001676                vTaskPlaceOnEventList
 .text.xTaskResumeAll
                0x000016b0       0xf6 ./tasks.o
                0x000016b0                xTaskResumeAll
 .text.vTaskDelay
                0x000017a6       0x4e ./tasks.o
                0x000017a6                vTaskDelay
 .text.vTaskDelayUntil
                0x000017f4       0x78 ./tasks.o
                0x000017f4                vTaskDelayUntil
 .text.vTaskDelete
                0x0000186c       0x9a ./tasks.o
                0x0000186c                vTaskDelete
 .text.vTaskEndScheduler
                0x00001906        0xc ./tasks.o
                0x00001906                vTaskEndScheduler
 .text.prvIdleTask
                0x00001912       0x66 ./tasks.o
 .text.xTaskGenericCreate
                0x00001978      0x248 ./tasks.o
                0x00001978                xTaskGenericCreate
 .text.vTaskStartScheduler
                0x00001bc0       0x56 ./tasks.o
                0x00001bc0                vTaskStartScheduler
 .text.libgcc   0x00001c16        0x0 c:/imt_sdk_win_64/winavr/bin/../lib/gcc/avr/4.3.3/avr5\libgcc.a(_exit.o)
 .text.libgcc   0x00001c16        0x0 c:/imt_sdk_win_64/winavr/bin/../lib/gcc/avr/4.3.3/avr5\libgcc.a(_copy_data.o)
 .text.libgcc   0x00001c16        0x0 c:/imt_sdk_win_64/winavr/bin/../lib/gcc/avr/4.3.3/avr5\libgcc.a(_clear_bss.o)
 .text.avr-libc
                0x00001c16       0x12 c:/imt_sdk_win_64/winavr/bin/../lib/gcc/avr/4.3.3/../../../../avr/lib/avr5\libc.a(memcpy.o)
                0x00001c16                memcpy
 .text.avr-libc
                0x00001c28        0xe c:/imt_sdk_win_64/winavr/bin/../lib/gcc/avr/4.3.3/../../../../avr/lib/avr5\libc.a(memset.o)
                0x00001c28                memset
 .text.avr-libc
                0x00001c36       0x1e c:/imt_sdk_win_64/winavr/bin/../lib/gcc/avr/4.3.3/../../../../avr/lib/avr5\libc.a(strncpy.o)
                0x00001c36                strncpy
                0x00001c54                . = ALIGN (0x2)
 *(.fini9)
 .fini9         0x00001c54        0x0 c:/imt_sdk_win_64/winavr/bin/../lib/gcc/avr/4.3.3/avr5\libgcc.a(_exit.o)
                0x00001c54                exit
                0x00001c54                _exit
 *(.fini9)
 *(.fini8)
 *(.fini8)
 *(.fini7)
 *(.fini7)
 *(.fini6)
 *(.fini6)
 *(.fini5)
 *(.fini5)
 *(.fini4)
 *(.fini4)
 *(.fini3)
 *(.fini3)
 *(.fini2)
 *(.fini2)
 *(.fini1)
 *(.fini1)
 *(.fini0)
 .fini0         0x00001c54        0x4 c:/imt_sdk_win_64/winavr/bin/../lib/gcc/avr/4.3.3/avr5\libgcc.a(_exit.o)
 *(.fini0)
                0x00001c58                _etext = .

.data           0x00800060        0x8 load address 0x00001c58
                0x00800060                PROVIDE (__data_start, .)
 *(.data)
 .data          0x00800060        0x0 c:/imt_sdk_win_64/winavr/bin/../lib/gcc/avr/4.3.3/../../../../avr/lib/avr5/crtm32.o
 .data          0x00800060        0x0 ./MCAL/UART/UART_prg.o
 .data          0x00800060        0x0 ./MCAL/SPI/SPI_prg.o
 .data          0x00800060        0x0 ./MCAL/GIE/GIE_prg.o
 .data          0x00800060        0x0 ./MCAL/EXTI/EXTI_prg.o
 .data          0x00800060        0x0 ./MCAL/DIO/DIO_prg.o
 .data          0x00800060        0x0 ./MCAL/ADC/ADC_prg.o
 .data          0x00800060        0x0 ./croutine.o
 .data          0x00800060        0x0 ./heap_1.o
 .data          0x00800060        0x0 ./list.o
 .data          0x00800060        0x0 ./main.o
 .data          0x00800060        0x0 ./port.o
 .data          0x00800060        0x0 ./queue.o
 .data          0x00800060        0x5 ./tasks.o
 .data          0x00800065        0x0 ./timers.o
 .data          0x00800065        0x0 c:/imt_sdk_win_64/winavr/bin/../lib/gcc/avr/4.3.3/avr5\libgcc.a(_exit.o)
 .data          0x00800065        0x0 c:/imt_sdk_win_64/winavr/bin/../lib/gcc/avr/4.3.3/avr5\libgcc.a(_copy_data.o)
 .data          0x00800065        0x0 c:/imt_sdk_win_64/winavr/bin/../lib/gcc/avr/4.3.3/avr5\libgcc.a(_clear_bss.o)
 .data          0x00800065        0x0 c:/imt_sdk_win_64/winavr/bin/../lib/gcc/avr/4.3.3/../../../../avr/lib/avr5\libc.a(memcpy.o)
 .data          0x00800065        0x0 c:/imt_sdk_win_64/winavr/bin/../lib/gcc/avr/4.3.3/../../../../avr/lib/avr5\libc.a(memset.o)
 .data          0x00800065        0x0 c:/imt_sdk_win_64/winavr/bin/../lib/gcc/avr/4.3.3/../../../../avr/lib/avr5\libc.a(strncpy.o)
 *(.data*)
 .data.xADCFlag
                0x00800065        0x1 ./MCAL/ADC/ADC_prg.o
                0x00800065                xADCFlag
 .data.xNextTaskUnblockTime
                0x00800066        0x2 ./tasks.o
 *(.rodata)
 *(.rodata*)
 *(.gnu.linkonce.d*)
                0x00800068                . = ALIGN (0x2)
                0x00800068                _edata = .
                0x00800068                PROVIDE (__data_end, .)

.bss            0x00800068      0x484
                0x00800068                PROVIDE (__bss_start, .)
 *(.bss)
 .bss           0x00800068        0x0 c:/imt_sdk_win_64/winavr/bin/../lib/gcc/avr/4.3.3/../../../../avr/lib/avr5/crtm32.o
 .bss           0x00800068        0x0 ./MCAL/UART/UART_prg.o
 .bss           0x00800068        0x0 ./MCAL/SPI/SPI_prg.o
 .bss           0x00800068        0x0 ./MCAL/GIE/GIE_prg.o
 .bss           0x00800068        0x0 ./MCAL/EXTI/EXTI_prg.o
 .bss           0x00800068        0x0 ./MCAL/DIO/DIO_prg.o
 .bss           0x00800068        0x0 ./MCAL/ADC/ADC_prg.o
 .bss           0x00800068        0x0 ./croutine.o
 .bss           0x00800068        0x0 ./heap_1.o
 .bss           0x00800068        0x0 ./list.o
 .bss           0x00800068        0x0 ./main.o
 .bss           0x00800068        0x0 ./port.o
 .bss           0x00800068        0x0 ./queue.o
 .bss           0x00800068        0x0 ./tasks.o
 .bss           0x00800068        0x0 ./timers.o
 .bss           0x00800068        0x0 c:/imt_sdk_win_64/winavr/bin/../lib/gcc/avr/4.3.3/avr5\libgcc.a(_exit.o)
 .bss           0x00800068        0x0 c:/imt_sdk_win_64/winavr/bin/../lib/gcc/avr/4.3.3/avr5\libgcc.a(_copy_data.o)
 .bss           0x00800068        0x0 c:/imt_sdk_win_64/winavr/bin/../lib/gcc/avr/4.3.3/avr5\libgcc.a(_clear_bss.o)
 .bss           0x00800068        0x0 c:/imt_sdk_win_64/winavr/bin/../lib/gcc/avr/4.3.3/../../../../avr/lib/avr5\libc.a(memcpy.o)
 .bss           0x00800068        0x0 c:/imt_sdk_win_64/winavr/bin/../lib/gcc/avr/4.3.3/../../../../avr/lib/avr5\libc.a(memset.o)
 .bss           0x00800068        0x0 c:/imt_sdk_win_64/winavr/bin/../lib/gcc/avr/4.3.3/../../../../avr/lib/avr5\libc.a(strncpy.o)
 *(.bss*)
 .bss.pxCurrentCoRoutine
                0x00800068        0x2 ./croutine.o
                0x00800068                pxCurrentCoRoutine
 .bss.uxTopCoRoutineReadyPriority
                0x0080006a        0x1 ./croutine.o
 .bss.xLastTickCount
                0x0080006b        0x2 ./croutine.o
 .bss.xPassedTicks
                0x0080006d        0x2 ./croutine.o
 .bss.xCoRoutineTickCount
                0x0080006f        0x2 ./croutine.o
 .bss.pxReadyCoRoutineLists
                0x00800071       0x12 ./croutine.o
 .bss.xDelayedCoRoutineList1
                0x00800083        0x9 ./croutine.o
 .bss.xDelayedCoRoutineList2
                0x0080008c        0x9 ./croutine.o
 .bss.pxDelayedCoRoutineList
                0x00800095        0x2 ./croutine.o
 .bss.pxOverflowDelayedCoRoutineList
                0x00800097        0x2 ./croutine.o
 .bss.xPendingReadyCoRoutineList
                0x00800099        0x9 ./croutine.o
 .bss.xNextFreeByte
                0x008000a2        0x2 ./heap_1.o
 .bss.xHeap     0x008000a4      0x3e8 ./heap_1.o
 .bss.pxCurrentTCB
                0x0080048c        0x2 ./tasks.o
                0x0080048c                pxCurrentTCB
 .bss.xMissedYield
                0x0080048e        0x1 ./tasks.o
 .bss.xNumOfOverflows
                0x0080048f        0x1 ./tasks.o
 .bss.xTickCount
                0x00800490        0x2 ./tasks.o
 .bss.uxSchedulerSuspended
                0x00800492        0x1 ./tasks.o
 .bss.uxTopReadyPriority
                0x00800493        0x1 ./tasks.o
 .bss.uxMissedTicks
                0x00800494        0x1 ./tasks.o
 .bss.uxCurrentNumberOfTasks
                0x00800495        0x1 ./tasks.o
 .bss.xSchedulerRunning
                0x00800496        0x1 ./tasks.o
 .bss.uxTasksDeleted
                0x00800497        0x1 ./tasks.o
 .bss.uxTaskNumber
                0x00800498        0x1 ./tasks.o
 .bss.uxTopUsedPriority
                0x00800499        0x1 ./tasks.o
 .bss.pxReadyTasksLists
                0x0080049a       0x24 ./tasks.o
 .bss.xDelayedTaskList1
                0x008004be        0x9 ./tasks.o
 .bss.xDelayedTaskList2
                0x008004c7        0x9 ./tasks.o
 .bss.pxDelayedTaskList
                0x008004d0        0x2 ./tasks.o
 .bss.pxOverflowDelayedTaskList
                0x008004d2        0x2 ./tasks.o
 .bss.xPendingReadyList
                0x008004d4        0x9 ./tasks.o
 .bss.xTasksWaitingTermination
                0x008004dd        0x9 ./tasks.o
 *(COMMON)
 COMMON         0x008004e6        0x6 ./MCAL/ADC/ADC_prg.o
                0x008004e6                ADC_Callback_2
                0x008004e8                ADC_Callback
                0x008004ea                G_pu16ADC_Data
                0x008004ec                PROVIDE (__bss_end, .)
                0x00001c58                __data_load_start = LOADADDR (.data)
                0x00001c60                __data_load_end = (__data_load_start + SIZEOF (.data))

.noinit         0x008004ec        0x0
                0x008004ec                PROVIDE (__noinit_start, .)
 *(.noinit*)
                0x008004ec                PROVIDE (__noinit_end, .)
                0x008004ec                _end = .
                0x008004ec                PROVIDE (__heap_start, .)

.eeprom         0x00810000        0x0
 *(.eeprom*)
                0x00810000                __eeprom_end = .

.fuse
 *(.fuse)
 *(.lfuse)
 *(.hfuse)
 *(.efuse)

.lock
 *(.lock*)

.signature
 *(.signature*)

.stab
 *(.stab)

.stabstr
 *(.stabstr)

.stab.excl
 *(.stab.excl)

.stab.exclstr
 *(.stab.exclstr)

.stab.index
 *(.stab.index)

.stab.indexstr
 *(.stab.indexstr)

.comment
 *(.comment)

.debug
 *(.debug)

.line
 *(.line)

.debug_srcinfo
 *(.debug_srcinfo)

.debug_sfnames
 *(.debug_sfnames)

.debug_aranges
 *(.debug_aranges)

.debug_pubnames
 *(.debug_pubnames)

.debug_info
 *(.debug_info)
 *(.gnu.linkonce.wi.*)

.debug_abbrev
 *(.debug_abbrev)

.debug_line
 *(.debug_line)

.debug_frame
 *(.debug_frame)

.debug_str
 *(.debug_str)

.debug_loc
 *(.debug_loc)

.debug_macinfo
 *(.debug_macinfo)
OUTPUT(FreeRTOS_Demo.elf elf32-avr)
LOAD linker stubs
