Archive member included because of file (symbol)

c:/imt_sdk_win_64/winavr/bin/../lib/gcc/avr/4.3.3/avr5\libgcc.a(_divmodsi4.o)
                              ./HAL/LCD/LCD_prg.o (__divmodsi4)
c:/imt_sdk_win_64/winavr/bin/../lib/gcc/avr/4.3.3/avr5\libgcc.a(_exit.o)
                              c:/imt_sdk_win_64/winavr/bin/../lib/gcc/avr/4.3.3/../../../../avr/lib/avr5/crtm32.o (exit)
c:/imt_sdk_win_64/winavr/bin/../lib/gcc/avr/4.3.3/avr5\libgcc.a(_udivmodsi4.o)
                              c:/imt_sdk_win_64/winavr/bin/../lib/gcc/avr/4.3.3/avr5\libgcc.a(_divmodsi4.o) (__udivmodsi4)

Memory Configuration

Name             Origin             Length             Attributes
text             0x00000000         0x00020000         xr
data             0x00800060         0x0000ffa0         rw !x
eeprom           0x00810000         0x00010000         rw !x
fuse             0x00820000         0x00000400         rw !x
lock             0x00830000         0x00000400         rw !x
signature        0x00840000         0x00000400         rw !x
*default*        0x00000000         0xffffffff

Linker script and memory map

LOAD c:/imt_sdk_win_64/winavr/bin/../lib/gcc/avr/4.3.3/../../../../avr/lib/avr5/crtm32.o
LOAD ./MCAL/GIE/GIE_prg.o
LOAD ./MCAL/EXTI/EXTI_prg.o
LOAD ./MCAL/DIO/DIO_prg.o
LOAD ./MCAL/ADC/ADC_prg.o
LOAD ./HAL/LCD/LCD_prg.o
LOAD ./APP/main.o
LOAD c:/imt_sdk_win_64/winavr/bin/../lib/gcc/avr/4.3.3/avr5\libgcc.a
LOAD c:/imt_sdk_win_64/winavr/bin/../lib/gcc/avr/4.3.3/../../../../avr/lib/avr5\libc.a
LOAD c:/imt_sdk_win_64/winavr/bin/../lib/gcc/avr/4.3.3/avr5\libgcc.a

.hash
 *(.hash)

.dynsym
 *(.dynsym)

.dynstr
 *(.dynstr)

.gnu.version
 *(.gnu.version)

.gnu.version_d
 *(.gnu.version_d)

.gnu.version_r
 *(.gnu.version_r)

.rel.init
 *(.rel.init)

.rela.init
 *(.rela.init)

.rel.text
 *(.rel.text)
 *(.rel.text.*)
 *(.rel.gnu.linkonce.t*)

.rela.text
 *(.rela.text)
 *(.rela.text.*)
 *(.rela.gnu.linkonce.t*)

.rel.fini
 *(.rel.fini)

.rela.fini
 *(.rela.fini)

.rel.rodata
 *(.rel.rodata)
 *(.rel.rodata.*)
 *(.rel.gnu.linkonce.r*)

.rela.rodata
 *(.rela.rodata)
 *(.rela.rodata.*)
 *(.rela.gnu.linkonce.r*)

.rel.data
 *(.rel.data)
 *(.rel.data.*)
 *(.rel.gnu.linkonce.d*)

.rela.data
 *(.rela.data)
 *(.rela.data.*)
 *(.rela.gnu.linkonce.d*)

.rel.ctors
 *(.rel.ctors)

.rela.ctors
 *(.rela.ctors)

.rel.dtors
 *(.rel.dtors)

.rela.dtors
 *(.rela.dtors)

.rel.got
 *(.rel.got)

.rela.got
 *(.rela.got)

.rel.bss
 *(.rel.bss)

.rela.bss
 *(.rela.bss)

.rel.plt
 *(.rel.plt)

.rela.plt
 *(.rela.plt)

.text           0x00000000      0x686
 *(.vectors)
 .vectors       0x00000000       0x54 c:/imt_sdk_win_64/winavr/bin/../lib/gcc/avr/4.3.3/../../../../avr/lib/avr5/crtm32.o
                0x00000000                __vectors
                0x00000000                __vector_default
 *(.vectors)
 *(.progmem.gcc*)
 *(.progmem*)
                0x00000054                . = ALIGN (0x2)
                0x00000054                __trampolines_start = .
 *(.trampolines)
 .trampolines   0x00000054        0x0 linker stubs
 *(.trampolines*)
                0x00000054                __trampolines_end = .
 *(.jumptables)
 *(.jumptables*)
 *(.lowtext)
 *(.lowtext*)
                0x00000054                __ctors_start = .
 *(.ctors)
                0x00000054                __ctors_end = .
                0x00000054                __dtors_start = .
 *(.dtors)
                0x00000054                __dtors_end = .
 SORT(*)(.ctors)
 SORT(*)(.dtors)
 *(.init0)
 .init0         0x00000054        0x0 c:/imt_sdk_win_64/winavr/bin/../lib/gcc/avr/4.3.3/../../../../avr/lib/avr5/crtm32.o
                0x00000054                __init
 *(.init0)
 *(.init1)
 *(.init1)
 *(.init2)
 .init2         0x00000054        0xc c:/imt_sdk_win_64/winavr/bin/../lib/gcc/avr/4.3.3/../../../../avr/lib/avr5/crtm32.o
 *(.init2)
 *(.init3)
 *(.init3)
 *(.init4)
 *(.init4)
 *(.init5)
 *(.init5)
 *(.init6)
 *(.init6)
 *(.init7)
 *(.init7)
 *(.init8)
 *(.init8)
 *(.init9)
 .init9         0x00000060        0x8 c:/imt_sdk_win_64/winavr/bin/../lib/gcc/avr/4.3.3/../../../../avr/lib/avr5/crtm32.o
 *(.init9)
 *(.text)
 .text          0x00000068        0x4 c:/imt_sdk_win_64/winavr/bin/../lib/gcc/avr/4.3.3/../../../../avr/lib/avr5/crtm32.o
                0x00000068                __vector_1
                0x00000068                __vector_12
                0x00000068                __bad_interrupt
                0x00000068                __vector_6
                0x00000068                __vector_3
                0x00000068                __vector_11
                0x00000068                __vector_13
                0x00000068                __vector_17
                0x00000068                __vector_19
                0x00000068                __vector_7
                0x00000068                __vector_5
                0x00000068                __vector_4
                0x00000068                __vector_9
                0x00000068                __vector_2
                0x00000068                __vector_15
                0x00000068                __vector_8
                0x00000068                __vector_14
                0x00000068                __vector_10
                0x00000068                __vector_16
                0x00000068                __vector_18
                0x00000068                __vector_20
 .text          0x0000006c        0x0 ./MCAL/GIE/GIE_prg.o
 .text          0x0000006c        0x0 ./MCAL/EXTI/EXTI_prg.o
 .text          0x0000006c        0x0 ./MCAL/DIO/DIO_prg.o
 .text          0x0000006c        0x0 ./MCAL/ADC/ADC_prg.o
 .text          0x0000006c        0x0 ./HAL/LCD/LCD_prg.o
 .text          0x0000006c        0x0 ./APP/main.o
 .text          0x0000006c        0x0 c:/imt_sdk_win_64/winavr/bin/../lib/gcc/avr/4.3.3/avr5\libgcc.a(_divmodsi4.o)
 .text          0x0000006c        0x0 c:/imt_sdk_win_64/winavr/bin/../lib/gcc/avr/4.3.3/avr5\libgcc.a(_exit.o)
 .text          0x0000006c        0x0 c:/imt_sdk_win_64/winavr/bin/../lib/gcc/avr/4.3.3/avr5\libgcc.a(_udivmodsi4.o)
                0x0000006c                . = ALIGN (0x2)
 *(.text.*)
 .text.MGIE_vEnableGlobalInterrupt
                0x0000006c        0x8 ./MCAL/GIE/GIE_prg.o
                0x0000006c                MGIE_vEnableGlobalInterrupt
 .text.MGIE_vDisableGlobalInterrupt
                0x00000074        0x8 ./MCAL/GIE/GIE_prg.o
                0x00000074                MGIE_vDisableGlobalInterrupt
 .text.MEXTI_vInit
                0x0000007c       0x32 ./MCAL/EXTI/EXTI_prg.o
                0x0000007c                MEXTI_vInit
 .text.MEXTI_vEnableInterrupt
                0x000000ae        0x2 ./MCAL/EXTI/EXTI_prg.o
                0x000000ae                MEXTI_vEnableInterrupt
 .text.MEXTI_vDisableInterrupt
                0x000000b0        0x2 ./MCAL/EXTI/EXTI_prg.o
                0x000000b0                MEXTI_vDisableInterrupt
 .text.MEXTI_vSetSenseControl
                0x000000b2        0x2 ./MCAL/EXTI/EXTI_prg.o
                0x000000b2                MEXTI_vSetSenseControl
 .text.MDIO_vSetPinDIR
                0x000000b4       0xf0 ./MCAL/DIO/DIO_prg.o
                0x000000b4                MDIO_vSetPinDIR
 .text.MDIO_vSetPinVal
                0x000001a4       0xe6 ./MCAL/DIO/DIO_prg.o
                0x000001a4                MDIO_vSetPinVal
 .text.MDIO_u8GetPinVal
                0x0000028a       0x40 ./MCAL/DIO/DIO_prg.o
                0x0000028a                MDIO_u8GetPinVal
 .text.MDIO_vSetPortDIR
                0x000002ca       0x22 ./MCAL/DIO/DIO_prg.o
                0x000002ca                MDIO_vSetPortDIR
 .text.MDIO_vSetPortVal
                0x000002ec       0x22 ./MCAL/DIO/DIO_prg.o
                0x000002ec                MDIO_vSetPortVal
 .text.MDIO_vTogPinVal
                0x0000030e       0x6a ./MCAL/DIO/DIO_prg.o
                0x0000030e                MDIO_vTogPinVal
 .text.MADC_vInit
                0x00000378       0x16 ./MCAL/ADC/ADC_prg.o
                0x00000378                MADC_vInit
 .text.MADC_u16AnalogRead
                0x0000038e       0x1a ./MCAL/ADC/ADC_prg.o
                0x0000038e                MADC_u16AnalogRead
 .text.HLCD_vSendChar
                0x000003a8       0x4c ./HAL/LCD/LCD_prg.o
                0x000003a8                HLCD_vSendChar
 .text.HLCD_vDisplayCustomChar
                0x000003f4        0xa ./HAL/LCD/LCD_prg.o
                0x000003f4                HLCD_vDisplayCustomChar
 .text.HLCD_vPrintNumber
                0x000003fe       0xc6 ./HAL/LCD/LCD_prg.o
                0x000003fe                HLCD_vPrintNumber
 .text.HLCD_vPrintString
                0x000004c4       0x26 ./HAL/LCD/LCD_prg.o
                0x000004c4                HLCD_vPrintString
 .text.HLCD_vSendCommand
                0x000004ea       0x4c ./HAL/LCD/LCD_prg.o
                0x000004ea                HLCD_vSendCommand
 .text.HLCD_vSaveCustomChar
                0x00000536       0x3e ./HAL/LCD/LCD_prg.o
                0x00000536                HLCD_vSaveCustomChar
 .text.HLCD_vSetCursorPosition
                0x00000574       0x1a ./HAL/LCD/LCD_prg.o
                0x00000574                HLCD_vSetCursorPosition
 .text.HLCD_vInit
                0x0000058e       0x78 ./HAL/LCD/LCD_prg.o
                0x0000058e                HLCD_vInit
 .text.main     0x00000606        0x2 ./APP/main.o
                0x00000606                main
 .text.libgcc   0x00000608       0x36 c:/imt_sdk_win_64/winavr/bin/../lib/gcc/avr/4.3.3/avr5\libgcc.a(_divmodsi4.o)
                0x00000608                __divmodsi4
 .text.libgcc   0x0000063e        0x0 c:/imt_sdk_win_64/winavr/bin/../lib/gcc/avr/4.3.3/avr5\libgcc.a(_exit.o)
 .text.libgcc   0x0000063e       0x44 c:/imt_sdk_win_64/winavr/bin/../lib/gcc/avr/4.3.3/avr5\libgcc.a(_udivmodsi4.o)
                0x0000063e                __udivmodsi4
                0x00000682                . = ALIGN (0x2)
 *(.fini9)
 .fini9         0x00000682        0x0 c:/imt_sdk_win_64/winavr/bin/../lib/gcc/avr/4.3.3/avr5\libgcc.a(_exit.o)
                0x00000682                exit
                0x00000682                _exit
 *(.fini9)
 *(.fini8)
 *(.fini8)
 *(.fini7)
 *(.fini7)
 *(.fini6)
 *(.fini6)
 *(.fini5)
 *(.fini5)
 *(.fini4)
 *(.fini4)
 *(.fini3)
 *(.fini3)
 *(.fini2)
 *(.fini2)
 *(.fini1)
 *(.fini1)
 *(.fini0)
 .fini0         0x00000682        0x4 c:/imt_sdk_win_64/winavr/bin/../lib/gcc/avr/4.3.3/avr5\libgcc.a(_exit.o)
 *(.fini0)
                0x00000686                _etext = .

.data           0x00800060        0x0 load address 0x00000686
                0x00800060                PROVIDE (__data_start, .)
 *(.data)
 .data          0x00800060        0x0 c:/imt_sdk_win_64/winavr/bin/../lib/gcc/avr/4.3.3/../../../../avr/lib/avr5/crtm32.o
 .data          0x00800060        0x0 ./MCAL/GIE/GIE_prg.o
 .data          0x00800060        0x0 ./MCAL/EXTI/EXTI_prg.o
 .data          0x00800060        0x0 ./MCAL/DIO/DIO_prg.o
 .data          0x00800060        0x0 ./MCAL/ADC/ADC_prg.o
 .data          0x00800060        0x0 ./HAL/LCD/LCD_prg.o
 .data          0x00800060        0x0 ./APP/main.o
 .data          0x00800060        0x0 c:/imt_sdk_win_64/winavr/bin/../lib/gcc/avr/4.3.3/avr5\libgcc.a(_divmodsi4.o)
 .data          0x00800060        0x0 c:/imt_sdk_win_64/winavr/bin/../lib/gcc/avr/4.3.3/avr5\libgcc.a(_exit.o)
 .data          0x00800060        0x0 c:/imt_sdk_win_64/winavr/bin/../lib/gcc/avr/4.3.3/avr5\libgcc.a(_udivmodsi4.o)
 *(.data*)
 *(.rodata)
 *(.rodata*)
 *(.gnu.linkonce.d*)
                0x00800060                . = ALIGN (0x2)
                0x00800060                _edata = .
                0x00800060                PROVIDE (__data_end, .)

.bss            0x00800060        0x0
                0x00800060                PROVIDE (__bss_start, .)
 *(.bss)
 .bss           0x00800060        0x0 c:/imt_sdk_win_64/winavr/bin/../lib/gcc/avr/4.3.3/../../../../avr/lib/avr5/crtm32.o
 .bss           0x00800060        0x0 ./MCAL/GIE/GIE_prg.o
 .bss           0x00800060        0x0 ./MCAL/EXTI/EXTI_prg.o
 .bss           0x00800060        0x0 ./MCAL/DIO/DIO_prg.o
 .bss           0x00800060        0x0 ./MCAL/ADC/ADC_prg.o
 .bss           0x00800060        0x0 ./HAL/LCD/LCD_prg.o
 .bss           0x00800060        0x0 ./APP/main.o
 .bss           0x00800060        0x0 c:/imt_sdk_win_64/winavr/bin/../lib/gcc/avr/4.3.3/avr5\libgcc.a(_divmodsi4.o)
 .bss           0x00800060        0x0 c:/imt_sdk_win_64/winavr/bin/../lib/gcc/avr/4.3.3/avr5\libgcc.a(_exit.o)
 .bss           0x00800060        0x0 c:/imt_sdk_win_64/winavr/bin/../lib/gcc/avr/4.3.3/avr5\libgcc.a(_udivmodsi4.o)
 *(.bss*)
 *(COMMON)
                0x00800060                PROVIDE (__bss_end, .)
                0x00000686                __data_load_start = LOADADDR (.data)
                0x00000686                __data_load_end = (__data_load_start + SIZEOF (.data))

.noinit         0x00800060        0x0
                0x00800060                PROVIDE (__noinit_start, .)
 *(.noinit*)
                0x00800060                PROVIDE (__noinit_end, .)
                0x00800060                _end = .
                0x00800060                PROVIDE (__heap_start, .)

.eeprom         0x00810000        0x0
 *(.eeprom*)
                0x00810000                __eeprom_end = .

.fuse
 *(.fuse)
 *(.lfuse)
 *(.hfuse)
 *(.efuse)

.lock
 *(.lock*)

.signature
 *(.signature*)

.stab
 *(.stab)

.stabstr
 *(.stabstr)

.stab.excl
 *(.stab.excl)

.stab.exclstr
 *(.stab.exclstr)

.stab.index
 *(.stab.index)

.stab.indexstr
 *(.stab.indexstr)

.comment
 *(.comment)

.debug
 *(.debug)

.line
 *(.line)

.debug_srcinfo
 *(.debug_srcinfo)

.debug_sfnames
 *(.debug_sfnames)

.debug_aranges
 *(.debug_aranges)

.debug_pubnames
 *(.debug_pubnames)

.debug_info
 *(.debug_info)
 *(.gnu.linkonce.wi.*)

.debug_abbrev
 *(.debug_abbrev)

.debug_line
 *(.debug_line)

.debug_frame
 *(.debug_frame)

.debug_str
 *(.debug_str)

.debug_loc
 *(.debug_loc)

.debug_macinfo
 *(.debug_macinfo)
OUTPUT(ADC.elf elf32-avr)
LOAD linker stubs
