Archive member included because of file (symbol)

c:/imt_sdk_win_64/winavr/bin/../lib/gcc/avr/4.3.3/avr5\libgcc.a(_divmodsi4.o)
                              ./HAL/LCD/LCD_prg.o (__divmodsi4)
c:/imt_sdk_win_64/winavr/bin/../lib/gcc/avr/4.3.3/avr5\libgcc.a(_exit.o)
                              c:/imt_sdk_win_64/winavr/bin/../lib/gcc/avr/4.3.3/../../../../avr/lib/avr5/crtm32.o (exit)
c:/imt_sdk_win_64/winavr/bin/../lib/gcc/avr/4.3.3/avr5\libgcc.a(_copy_data.o)
                              ./MCAL/ADC/ADC_prg.o (__do_copy_data)
c:/imt_sdk_win_64/winavr/bin/../lib/gcc/avr/4.3.3/avr5\libgcc.a(_clear_bss.o)
                              ./MCAL/TIMERS/TIMERS_prg.o (__do_clear_bss)
c:/imt_sdk_win_64/winavr/bin/../lib/gcc/avr/4.3.3/avr5\libgcc.a(_udivmodsi4.o)
                              c:/imt_sdk_win_64/winavr/bin/../lib/gcc/avr/4.3.3/avr5\libgcc.a(_divmodsi4.o) (__udivmodsi4)

Allocating common symbols
Common symbol       size              file

ADC_Callback_2      0x2               ./MCAL/ADC/ADC_prg.o
ADC_Callback        0x2               ./MCAL/ADC/ADC_prg.o
G_u32IntervalCount  0x4               ./MCAL/TIMERS/TIMERS_prg.o
G_pu16ADC_Data      0x2               ./MCAL/ADC/ADC_prg.o

Memory Configuration

Name             Origin             Length             Attributes
text             0x00000000         0x00020000         xr
data             0x00800060         0x0000ffa0         rw !x
eeprom           0x00810000         0x00010000         rw !x
fuse             0x00820000         0x00000400         rw !x
lock             0x00830000         0x00000400         rw !x
signature        0x00840000         0x00000400         rw !x
*default*        0x00000000         0xffffffff

Linker script and memory map

LOAD c:/imt_sdk_win_64/winavr/bin/../lib/gcc/avr/4.3.3/../../../../avr/lib/avr5/crtm32.o
LOAD ./MCAL/WDT/WDT_prg.o
LOAD ./MCAL/UART/UART_prg.o
LOAD ./MCAL/TIMERS/TIMERS_prg.o
LOAD ./MCAL/SPI/SPI_prg.o
LOAD ./MCAL/GIE/GIE_prg.o
LOAD ./MCAL/EXTI/EXTI_prg.o
LOAD ./MCAL/DIO/DIO_prg.o
LOAD ./MCAL/ADC/ADC_prg.o
LOAD ./HAL/LCD/LCD_prg.o
LOAD ./APP/main.o
LOAD c:/imt_sdk_win_64/winavr/bin/../lib/gcc/avr/4.3.3/avr5\libgcc.a
LOAD c:/imt_sdk_win_64/winavr/bin/../lib/gcc/avr/4.3.3/../../../../avr/lib/avr5\libc.a
LOAD c:/imt_sdk_win_64/winavr/bin/../lib/gcc/avr/4.3.3/avr5\libgcc.a

.hash
 *(.hash)

.dynsym
 *(.dynsym)

.dynstr
 *(.dynstr)

.gnu.version
 *(.gnu.version)

.gnu.version_d
 *(.gnu.version_d)

.gnu.version_r
 *(.gnu.version_r)

.rel.init
 *(.rel.init)

.rela.init
 *(.rela.init)

.rel.text
 *(.rel.text)
 *(.rel.text.*)
 *(.rel.gnu.linkonce.t*)

.rela.text
 *(.rela.text)
 *(.rela.text.*)
 *(.rela.gnu.linkonce.t*)

.rel.fini
 *(.rel.fini)

.rela.fini
 *(.rela.fini)

.rel.rodata
 *(.rel.rodata)
 *(.rel.rodata.*)
 *(.rel.gnu.linkonce.r*)

.rela.rodata
 *(.rela.rodata)
 *(.rela.rodata.*)
 *(.rela.gnu.linkonce.r*)

.rel.data
 *(.rel.data)
 *(.rel.data.*)
 *(.rel.gnu.linkonce.d*)

.rela.data
 *(.rela.data)
 *(.rela.data.*)
 *(.rela.gnu.linkonce.d*)

.rel.ctors
 *(.rel.ctors)

.rela.ctors
 *(.rela.ctors)

.rel.dtors
 *(.rel.dtors)

.rela.dtors
 *(.rela.dtors)

.rel.got
 *(.rel.got)

.rela.got
 *(.rela.got)

.rel.bss
 *(.rel.bss)

.rela.bss
 *(.rela.bss)

.rel.plt
 *(.rel.plt)

.rela.plt
 *(.rela.plt)

.text           0x00000000      0xac4
 *(.vectors)
 .vectors       0x00000000       0x54 c:/imt_sdk_win_64/winavr/bin/../lib/gcc/avr/4.3.3/../../../../avr/lib/avr5/crtm32.o
                0x00000000                __vectors
                0x00000000                __vector_default
 *(.vectors)
 *(.progmem.gcc*)
 *(.progmem*)
                0x00000054                . = ALIGN (0x2)
                0x00000054                __trampolines_start = .
 *(.trampolines)
 .trampolines   0x00000054        0x0 linker stubs
 *(.trampolines*)
                0x00000054                __trampolines_end = .
 *(.jumptables)
 *(.jumptables*)
 *(.lowtext)
 *(.lowtext*)
                0x00000054                __ctors_start = .
 *(.ctors)
                0x00000054                __ctors_end = .
                0x00000054                __dtors_start = .
 *(.dtors)
                0x00000054                __dtors_end = .
 SORT(*)(.ctors)
 SORT(*)(.dtors)
 *(.init0)
 .init0         0x00000054        0x0 c:/imt_sdk_win_64/winavr/bin/../lib/gcc/avr/4.3.3/../../../../avr/lib/avr5/crtm32.o
                0x00000054                __init
 *(.init0)
 *(.init1)
 *(.init1)
 *(.init2)
 .init2         0x00000054        0xc c:/imt_sdk_win_64/winavr/bin/../lib/gcc/avr/4.3.3/../../../../avr/lib/avr5/crtm32.o
 *(.init2)
 *(.init3)
 *(.init3)
 *(.init4)
 .init4         0x00000060       0x16 c:/imt_sdk_win_64/winavr/bin/../lib/gcc/avr/4.3.3/avr5\libgcc.a(_copy_data.o)
                0x00000060                __do_copy_data
 .init4         0x00000076       0x10 c:/imt_sdk_win_64/winavr/bin/../lib/gcc/avr/4.3.3/avr5\libgcc.a(_clear_bss.o)
                0x00000076                __do_clear_bss
 *(.init4)
 *(.init5)
 *(.init5)
 *(.init6)
 *(.init6)
 *(.init7)
 *(.init7)
 *(.init8)
 *(.init8)
 *(.init9)
 .init9         0x00000086        0x8 c:/imt_sdk_win_64/winavr/bin/../lib/gcc/avr/4.3.3/../../../../avr/lib/avr5/crtm32.o
 *(.init9)
 *(.text)
 .text          0x0000008e        0x4 c:/imt_sdk_win_64/winavr/bin/../lib/gcc/avr/4.3.3/../../../../avr/lib/avr5/crtm32.o
                0x0000008e                __vector_1
                0x0000008e                __bad_interrupt
                0x0000008e                __vector_3
                0x0000008e                __vector_13
                0x0000008e                __vector_17
                0x0000008e                __vector_19
                0x0000008e                __vector_7
                0x0000008e                __vector_5
                0x0000008e                __vector_4
                0x0000008e                __vector_9
                0x0000008e                __vector_2
                0x0000008e                __vector_15
                0x0000008e                __vector_8
                0x0000008e                __vector_14
                0x0000008e                __vector_18
                0x0000008e                __vector_20
 .text          0x00000092        0x0 ./MCAL/WDT/WDT_prg.o
 .text          0x00000092        0x0 ./MCAL/UART/UART_prg.o
 .text          0x00000092        0x0 ./MCAL/TIMERS/TIMERS_prg.o
 .text          0x00000092        0x0 ./MCAL/SPI/SPI_prg.o
 .text          0x00000092        0x0 ./MCAL/GIE/GIE_prg.o
 .text          0x00000092        0x0 ./MCAL/EXTI/EXTI_prg.o
 .text          0x00000092        0x0 ./MCAL/DIO/DIO_prg.o
 .text          0x00000092        0x0 ./MCAL/ADC/ADC_prg.o
 .text          0x00000092        0x0 ./HAL/LCD/LCD_prg.o
 .text          0x00000092        0x0 ./APP/main.o
 .text          0x00000092        0x0 c:/imt_sdk_win_64/winavr/bin/../lib/gcc/avr/4.3.3/avr5\libgcc.a(_divmodsi4.o)
 .text          0x00000092        0x0 c:/imt_sdk_win_64/winavr/bin/../lib/gcc/avr/4.3.3/avr5\libgcc.a(_exit.o)
 .text          0x00000092        0x0 c:/imt_sdk_win_64/winavr/bin/../lib/gcc/avr/4.3.3/avr5\libgcc.a(_copy_data.o)
 .text          0x00000092        0x0 c:/imt_sdk_win_64/winavr/bin/../lib/gcc/avr/4.3.3/avr5\libgcc.a(_clear_bss.o)
 .text          0x00000092        0x0 c:/imt_sdk_win_64/winavr/bin/../lib/gcc/avr/4.3.3/avr5\libgcc.a(_udivmodsi4.o)
                0x00000092                . = ALIGN (0x2)
 *(.text.*)
 .text.MWDT_vTurnOn
                0x00000092       0x10 ./MCAL/WDT/WDT_prg.o
                0x00000092                MWDT_vTurnOn
 .text.MWDT_vTurnOff
                0x000000a2        0x8 ./MCAL/WDT/WDT_prg.o
                0x000000a2                MWDT_vTurnOff
 .text.MUART_vInit
                0x000000aa        0xe ./MCAL/UART/UART_prg.o
                0x000000aa                MUART_vInit
 .text.MUART_vTransmit
                0x000000b8        0x8 ./MCAL/UART/UART_prg.o
                0x000000b8                MUART_vTransmit
 .text.MUART_u8Recieve
                0x000000c0        0x8 ./MCAL/UART/UART_prg.o
                0x000000c0                MUART_u8Recieve
 .text.MTIMERS_vInit
                0x000000c8        0xe ./MCAL/TIMERS/TIMERS_prg.o
                0x000000c8                MTIMERS_vInit
 .text.MTIMERS_vSetPreloadValue
                0x000000d6        0x8 ./MCAL/TIMERS/TIMERS_prg.o
                0x000000d6                MTIMERS_vSetPreloadValue
 .text.MTIMERS_vSetCompareValue
                0x000000de       0x14 ./MCAL/TIMERS/TIMERS_prg.o
                0x000000de                MTIMERS_vSetCompareValue
 .text.MTIMERS_vSetInterval_Asynch
                0x000000f2       0x26 ./MCAL/TIMERS/TIMERS_prg.o
                0x000000f2                MTIMERS_vSetInterval_Asynch
 .text.MTIMERS_vSetInterval_CTC_Asynch
                0x00000118       0x26 ./MCAL/TIMERS/TIMERS_prg.o
                0x00000118                MTIMERS_vSetInterval_CTC_Asynch
 .text.MTIMERS_vStartTimer
                0x0000013e        0xa ./MCAL/TIMERS/TIMERS_prg.o
                0x0000013e                MTIMERS_vStartTimer
 .text.MTIMERS_vStopTimer
                0x00000148        0x8 ./MCAL/TIMERS/TIMERS_prg.o
                0x00000148                MTIMERS_vStopTimer
 .text.MTIMERS_u16GetElapsedTime
                0x00000150       0x1e ./MCAL/TIMERS/TIMERS_prg.o
                0x00000150                MTIMERS_u16GetElapsedTime
 .text.MTIMERS_u16GetCapturedTme
                0x0000016e        0x8 ./MCAL/TIMERS/TIMERS_prg.o
                0x0000016e                MTIMERS_u16GetCapturedTme
 .text.MTIMERS_vSetIcuTrigger
                0x00000176       0x1a ./MCAL/TIMERS/TIMERS_prg.o
                0x00000176                MTIMERS_vSetIcuTrigger
 .text.MTIMERS_vEnableInterrupt
                0x00000190        0x8 ./MCAL/TIMERS/TIMERS_prg.o
                0x00000190                MTIMERS_vEnableInterrupt
 .text.MTIMERS_vDisableInterrupt
                0x00000198        0x8 ./MCAL/TIMERS/TIMERS_prg.o
                0x00000198                MTIMERS_vDisableInterrupt
 .text.MTIMERS_vSetCallback
                0x000001a0        0xa ./MCAL/TIMERS/TIMERS_prg.o
                0x000001a0                MTIMERS_vSetCallback
 .text.__vector_11
                0x000001aa       0xa2 ./MCAL/TIMERS/TIMERS_prg.o
                0x000001aa                __vector_11
 .text.__vector_10
                0x0000024c       0xa2 ./MCAL/TIMERS/TIMERS_prg.o
                0x0000024c                __vector_10
 .text.__vector_6
                0x000002ee       0x4e ./MCAL/TIMERS/TIMERS_prg.o
                0x000002ee                __vector_6
 .text.MSPI_u8Transmit__receive
                0x0000033c        0x6 ./MCAL/SPI/SPI_prg.o
                0x0000033c                MSPI_u8Transmit(long double,...)(char,...)(int, void,...)
 .text.MSPI_u8Transmit
                0x00000342        0x4 ./MCAL/SPI/SPI_prg.o
                0x00000342                MSPI_u8Transmit
 .text.MSPI_u8receive
                0x00000346        0x4 ./MCAL/SPI/SPI_prg.o
                0x00000346                MSPI_u8receive
 .text.MSPI_vInit
                0x0000034a       0x24 ./MCAL/SPI/SPI_prg.o
                0x0000034a                MSPI_vInit
 .text.MGIE_vEnableGlobalInterrupt
                0x0000036e        0x8 ./MCAL/GIE/GIE_prg.o
                0x0000036e                MGIE_vEnableGlobalInterrupt
 .text.MGIE_vDisableGlobalInterrupt
                0x00000376        0x8 ./MCAL/GIE/GIE_prg.o
                0x00000376                MGIE_vDisableGlobalInterrupt
 .text.MEXTI_vInit
                0x0000037e       0x32 ./MCAL/EXTI/EXTI_prg.o
                0x0000037e                MEXTI_vInit
 .text.MEXTI_vEnableInterrupt
                0x000003b0        0x2 ./MCAL/EXTI/EXTI_prg.o
                0x000003b0                MEXTI_vEnableInterrupt
 .text.MEXTI_vDisableInterrupt
                0x000003b2        0x2 ./MCAL/EXTI/EXTI_prg.o
                0x000003b2                MEXTI_vDisableInterrupt
 .text.MEXTI_vSetSenseControl
                0x000003b4        0x2 ./MCAL/EXTI/EXTI_prg.o
                0x000003b4                MEXTI_vSetSenseControl
 .text.MDIO_vSetPinDIR
                0x000003b6       0xf0 ./MCAL/DIO/DIO_prg.o
                0x000003b6                MDIO_vSetPinDIR
 .text.MDIO_vSetPinVal
                0x000004a6       0xe6 ./MCAL/DIO/DIO_prg.o
                0x000004a6                MDIO_vSetPinVal
 .text.MDIO_u8GetPinVal
                0x0000058c       0x40 ./MCAL/DIO/DIO_prg.o
                0x0000058c                MDIO_u8GetPinVal
 .text.MDIO_vSetPortDIR
                0x000005cc       0x22 ./MCAL/DIO/DIO_prg.o
                0x000005cc                MDIO_vSetPortDIR
 .text.MDIO_vSetPortVal
                0x000005ee       0x22 ./MCAL/DIO/DIO_prg.o
                0x000005ee                MDIO_vSetPortVal
 .text.MDIO_vTogPinVal
                0x00000610       0x6a ./MCAL/DIO/DIO_prg.o
                0x00000610                MDIO_vTogPinVal
 .text.MADC_vInit
                0x0000067a       0x16 ./MCAL/ADC/ADC_prg.o
                0x0000067a                MADC_vInit
 .text.MADC_u16AnalogRead
                0x00000690       0x1a ./MCAL/ADC/ADC_prg.o
                0x00000690                MADC_u16AnalogRead
 .text.MADC_vStartConversion
                0x000006aa        0xe ./MCAL/ADC/ADC_prg.o
                0x000006aa                MADC_vStartConversion
 .text.MADC_u16GetADCData
                0x000006b8        0x8 ./MCAL/ADC/ADC_prg.o
                0x000006b8                MADC_u16GetADCData
 .text.MADC_vSetCallback
                0x000006c0        0xa ./MCAL/ADC/ADC_prg.o
                0x000006c0                MADC_vSetCallback
 .text.MADC_vStartADCConversion_Asynch
                0x000006ca       0x1e ./MCAL/ADC/ADC_prg.o
                0x000006ca                MADC_vStartADCConversion_Asynch
 .text.MADC_xGetFlagStatus
                0x000006e8       0x14 ./MCAL/ADC/ADC_prg.o
                0x000006e8                MADC_xGetFlagStatus
 .text.__vector_16
                0x000006fc       0x76 ./MCAL/ADC/ADC_prg.o
                0x000006fc                __vector_16
 .text.HLCD_vSendChar
                0x00000772       0x4c ./HAL/LCD/LCD_prg.o
                0x00000772                HLCD_vSendChar
 .text.HLCD_vDisplayCustomChar
                0x000007be        0xa ./HAL/LCD/LCD_prg.o
                0x000007be                HLCD_vDisplayCustomChar
 .text.HLCD_vPrintNumber
                0x000007c8       0xc6 ./HAL/LCD/LCD_prg.o
                0x000007c8                HLCD_vPrintNumber
 .text.HLCD_vPrintString
                0x0000088e       0x26 ./HAL/LCD/LCD_prg.o
                0x0000088e                HLCD_vPrintString
 .text.HLCD_vSendCommand
                0x000008b4       0x4c ./HAL/LCD/LCD_prg.o
                0x000008b4                HLCD_vSendCommand
 .text.HLCD_vSaveCustomChar
                0x00000900       0x3e ./HAL/LCD/LCD_prg.o
                0x00000900                HLCD_vSaveCustomChar
 .text.HLCD_vSetCursorPosition
                0x0000093e       0x1a ./HAL/LCD/LCD_prg.o
                0x0000093e                HLCD_vSetCursorPosition
 .text.HLCD_vInit
                0x00000958       0x78 ./HAL/LCD/LCD_prg.o
                0x00000958                HLCD_vInit
 .text.__vector_12
                0x000009d0       0x4e ./APP/main.o
                0x000009d0                __vector_12
 .text.main     0x00000a1e       0x28 ./APP/main.o
                0x00000a1e                main
 .text.libgcc   0x00000a46       0x36 c:/imt_sdk_win_64/winavr/bin/../lib/gcc/avr/4.3.3/avr5\libgcc.a(_divmodsi4.o)
                0x00000a46                __divmodsi4
 .text.libgcc   0x00000a7c        0x0 c:/imt_sdk_win_64/winavr/bin/../lib/gcc/avr/4.3.3/avr5\libgcc.a(_exit.o)
 .text.libgcc   0x00000a7c        0x0 c:/imt_sdk_win_64/winavr/bin/../lib/gcc/avr/4.3.3/avr5\libgcc.a(_copy_data.o)
 .text.libgcc   0x00000a7c        0x0 c:/imt_sdk_win_64/winavr/bin/../lib/gcc/avr/4.3.3/avr5\libgcc.a(_clear_bss.o)
 .text.libgcc   0x00000a7c       0x44 c:/imt_sdk_win_64/winavr/bin/../lib/gcc/avr/4.3.3/avr5\libgcc.a(_udivmodsi4.o)
                0x00000a7c                __udivmodsi4
                0x00000ac0                . = ALIGN (0x2)
 *(.fini9)
 .fini9         0x00000ac0        0x0 c:/imt_sdk_win_64/winavr/bin/../lib/gcc/avr/4.3.3/avr5\libgcc.a(_exit.o)
                0x00000ac0                exit
                0x00000ac0                _exit
 *(.fini9)
 *(.fini8)
 *(.fini8)
 *(.fini7)
 *(.fini7)
 *(.fini6)
 *(.fini6)
 *(.fini5)
 *(.fini5)
 *(.fini4)
 *(.fini4)
 *(.fini3)
 *(.fini3)
 *(.fini2)
 *(.fini2)
 *(.fini1)
 *(.fini1)
 *(.fini0)
 .fini0         0x00000ac0        0x4 c:/imt_sdk_win_64/winavr/bin/../lib/gcc/avr/4.3.3/avr5\libgcc.a(_exit.o)
 *(.fini0)
                0x00000ac4                _etext = .

.data           0x00800060        0x2 load address 0x00000ac4
                0x00800060                PROVIDE (__data_start, .)
 *(.data)
 .data          0x00800060        0x0 c:/imt_sdk_win_64/winavr/bin/../lib/gcc/avr/4.3.3/../../../../avr/lib/avr5/crtm32.o
 .data          0x00800060        0x0 ./MCAL/WDT/WDT_prg.o
 .data          0x00800060        0x0 ./MCAL/UART/UART_prg.o
 .data          0x00800060        0x0 ./MCAL/TIMERS/TIMERS_prg.o
 .data          0x00800060        0x0 ./MCAL/SPI/SPI_prg.o
 .data          0x00800060        0x0 ./MCAL/GIE/GIE_prg.o
 .data          0x00800060        0x0 ./MCAL/EXTI/EXTI_prg.o
 .data          0x00800060        0x0 ./MCAL/DIO/DIO_prg.o
 .data          0x00800060        0x0 ./MCAL/ADC/ADC_prg.o
 .data          0x00800060        0x0 ./HAL/LCD/LCD_prg.o
 .data          0x00800060        0x0 ./APP/main.o
 .data          0x00800060        0x0 c:/imt_sdk_win_64/winavr/bin/../lib/gcc/avr/4.3.3/avr5\libgcc.a(_divmodsi4.o)
 .data          0x00800060        0x0 c:/imt_sdk_win_64/winavr/bin/../lib/gcc/avr/4.3.3/avr5\libgcc.a(_exit.o)
 .data          0x00800060        0x0 c:/imt_sdk_win_64/winavr/bin/../lib/gcc/avr/4.3.3/avr5\libgcc.a(_copy_data.o)
 .data          0x00800060        0x0 c:/imt_sdk_win_64/winavr/bin/../lib/gcc/avr/4.3.3/avr5\libgcc.a(_clear_bss.o)
 .data          0x00800060        0x0 c:/imt_sdk_win_64/winavr/bin/../lib/gcc/avr/4.3.3/avr5\libgcc.a(_udivmodsi4.o)
 *(.data*)
 .data.xADCFlag
                0x00800060        0x1 ./MCAL/ADC/ADC_prg.o
                0x00800060                xADCFlag
 *(.rodata)
 *(.rodata*)
 *(.gnu.linkonce.d*)
                0x00800062                . = ALIGN (0x2)
 *fill*         0x00800061        0x1 00
                0x00800062                _edata = .
                0x00800062                PROVIDE (__data_end, .)

.bss            0x00800062       0x18
                0x00800062                PROVIDE (__bss_start, .)
 *(.bss)
 .bss           0x00800062        0x0 c:/imt_sdk_win_64/winavr/bin/../lib/gcc/avr/4.3.3/../../../../avr/lib/avr5/crtm32.o
 .bss           0x00800062        0x0 ./MCAL/WDT/WDT_prg.o
 .bss           0x00800062        0x0 ./MCAL/UART/UART_prg.o
 .bss           0x00800062        0x0 ./MCAL/TIMERS/TIMERS_prg.o
 .bss           0x00800062        0x0 ./MCAL/SPI/SPI_prg.o
 .bss           0x00800062        0x0 ./MCAL/GIE/GIE_prg.o
 .bss           0x00800062        0x0 ./MCAL/EXTI/EXTI_prg.o
 .bss           0x00800062        0x0 ./MCAL/DIO/DIO_prg.o
 .bss           0x00800062        0x0 ./MCAL/ADC/ADC_prg.o
 .bss           0x00800062        0x0 ./HAL/LCD/LCD_prg.o
 .bss           0x00800062        0x0 ./APP/main.o
 .bss           0x00800062        0x0 c:/imt_sdk_win_64/winavr/bin/../lib/gcc/avr/4.3.3/avr5\libgcc.a(_divmodsi4.o)
 .bss           0x00800062        0x0 c:/imt_sdk_win_64/winavr/bin/../lib/gcc/avr/4.3.3/avr5\libgcc.a(_exit.o)
 .bss           0x00800062        0x0 c:/imt_sdk_win_64/winavr/bin/../lib/gcc/avr/4.3.3/avr5\libgcc.a(_copy_data.o)
 .bss           0x00800062        0x0 c:/imt_sdk_win_64/winavr/bin/../lib/gcc/avr/4.3.3/avr5\libgcc.a(_clear_bss.o)
 .bss           0x00800062        0x0 c:/imt_sdk_win_64/winavr/bin/../lib/gcc/avr/4.3.3/avr5\libgcc.a(_udivmodsi4.o)
 *(.bss*)
 .bss.LS_u32Counter.1344
                0x00800062        0x4 ./MCAL/TIMERS/TIMERS_prg.o
 .bss.LS_u32Counter.1334
                0x00800066        0x4 ./MCAL/TIMERS/TIMERS_prg.o
 .bss.G_TIM0_OVF_Callback
                0x0080006a        0x2 ./MCAL/TIMERS/TIMERS_prg.o
 .bss.G_TIM0_CTC_Callback
                0x0080006c        0x2 ./MCAL/TIMERS/TIMERS_prg.o
 .bss.GS_TIM1_ICU_Callback
                0x0080006e        0x2 ./MCAL/TIMERS/TIMERS_prg.o
 *(COMMON)
 COMMON         0x00800070        0x4 ./MCAL/TIMERS/TIMERS_prg.o
                0x00800070                G_u32IntervalCount
 COMMON         0x00800074        0x6 ./MCAL/ADC/ADC_prg.o
                0x00800074                ADC_Callback_2
                0x00800076                ADC_Callback
                0x00800078                G_pu16ADC_Data
                0x0080007a                PROVIDE (__bss_end, .)
                0x00000ac4                __data_load_start = LOADADDR (.data)
                0x00000ac6                __data_load_end = (__data_load_start + SIZEOF (.data))

.noinit         0x0080007a        0x0
                0x0080007a                PROVIDE (__noinit_start, .)
 *(.noinit*)
                0x0080007a                PROVIDE (__noinit_end, .)
                0x0080007a                _end = .
                0x0080007a                PROVIDE (__heap_start, .)

.eeprom         0x00810000        0x0
 *(.eeprom*)
                0x00810000                __eeprom_end = .

.fuse
 *(.fuse)
 *(.lfuse)
 *(.hfuse)
 *(.efuse)

.lock
 *(.lock*)

.signature
 *(.signature*)

.stab
 *(.stab)

.stabstr
 *(.stabstr)

.stab.excl
 *(.stab.excl)

.stab.exclstr
 *(.stab.exclstr)

.stab.index
 *(.stab.index)

.stab.indexstr
 *(.stab.indexstr)

.comment
 *(.comment)

.debug
 *(.debug)

.line
 *(.line)

.debug_srcinfo
 *(.debug_srcinfo)

.debug_sfnames
 *(.debug_sfnames)

.debug_aranges
 *(.debug_aranges)

.debug_pubnames
 *(.debug_pubnames)

.debug_info
 *(.debug_info)
 *(.gnu.linkonce.wi.*)

.debug_abbrev
 *(.debug_abbrev)

.debug_line
 *(.debug_line)

.debug_frame
 *(.debug_frame)

.debug_str
 *(.debug_str)

.debug_loc
 *(.debug_loc)

.debug_macinfo
 *(.debug_macinfo)
OUTPUT(10-SPI.elf elf32-avr)
LOAD linker stubs
