Archive member included because of file (symbol)

c:/imt_sdk_win_64/winavr/bin/../lib/gcc/avr/4.3.3/avr5\libgcc.a(_divmodsi4.o)
                              ./HAL/LCD/LCD_prg.o (__divmodsi4)
c:/imt_sdk_win_64/winavr/bin/../lib/gcc/avr/4.3.3/avr5\libgcc.a(_exit.o)
                              c:/imt_sdk_win_64/winavr/bin/../lib/gcc/avr/4.3.3/../../../../avr/lib/avr5/crtm32.o (exit)
c:/imt_sdk_win_64/winavr/bin/../lib/gcc/avr/4.3.3/avr5\libgcc.a(_copy_data.o)
                              ./MCAL/ADC/ADC_prg.o (__do_copy_data)
c:/imt_sdk_win_64/winavr/bin/../lib/gcc/avr/4.3.3/avr5\libgcc.a(_clear_bss.o)
                              ./MCAL/TIMERS/TIMERS_prg.o (__do_clear_bss)
c:/imt_sdk_win_64/winavr/bin/../lib/gcc/avr/4.3.3/avr5\libgcc.a(_udivmodsi4.o)
                              c:/imt_sdk_win_64/winavr/bin/../lib/gcc/avr/4.3.3/avr5\libgcc.a(_divmodsi4.o) (__udivmodsi4)

Allocating common symbols
Common symbol       size              file

ADC_Callback_2      0x2               ./MCAL/ADC/ADC_prg.o
ONTime              0x2               ./APP/main.o
PeriodicTime        0x2               ./APP/main.o
ADC_Callback        0x2               ./MCAL/ADC/ADC_prg.o
G_u32IntervalCount  0x4               ./MCAL/TIMERS/TIMERS_prg.o
G_pu16ADC_Data      0x2               ./MCAL/ADC/ADC_prg.o

Memory Configuration

Name             Origin             Length             Attributes
text             0x00000000         0x00020000         xr
data             0x00800060         0x0000ffa0         rw !x
eeprom           0x00810000         0x00010000         rw !x
fuse             0x00820000         0x00000400         rw !x
lock             0x00830000         0x00000400         rw !x
signature        0x00840000         0x00000400         rw !x
*default*        0x00000000         0xffffffff

Linker script and memory map

LOAD c:/imt_sdk_win_64/winavr/bin/../lib/gcc/avr/4.3.3/../../../../avr/lib/avr5/crtm32.o
LOAD ./MCAL/TIMERS/TIMERS_prg.o
LOAD ./MCAL/GIE/GIE_prg.o
LOAD ./MCAL/EXTI/EXTI_prg.o
LOAD ./MCAL/DIO/DIO_prg.o
LOAD ./MCAL/ADC/ADC_prg.o
LOAD ./HAL/LCD/LCD_prg.o
LOAD ./APP/main.o
LOAD c:/imt_sdk_win_64/winavr/bin/../lib/gcc/avr/4.3.3/avr5\libgcc.a
LOAD c:/imt_sdk_win_64/winavr/bin/../lib/gcc/avr/4.3.3/../../../../avr/lib/avr5\libc.a
LOAD c:/imt_sdk_win_64/winavr/bin/../lib/gcc/avr/4.3.3/avr5\libgcc.a

.hash
 *(.hash)

.dynsym
 *(.dynsym)

.dynstr
 *(.dynstr)

.gnu.version
 *(.gnu.version)

.gnu.version_d
 *(.gnu.version_d)

.gnu.version_r
 *(.gnu.version_r)

.rel.init
 *(.rel.init)

.rela.init
 *(.rela.init)

.rel.text
 *(.rel.text)
 *(.rel.text.*)
 *(.rel.gnu.linkonce.t*)

.rela.text
 *(.rela.text)
 *(.rela.text.*)
 *(.rela.gnu.linkonce.t*)

.rel.fini
 *(.rel.fini)

.rela.fini
 *(.rela.fini)

.rel.rodata
 *(.rel.rodata)
 *(.rel.rodata.*)
 *(.rel.gnu.linkonce.r*)

.rela.rodata
 *(.rela.rodata)
 *(.rela.rodata.*)
 *(.rela.gnu.linkonce.r*)

.rel.data
 *(.rel.data)
 *(.rel.data.*)
 *(.rel.gnu.linkonce.d*)

.rela.data
 *(.rela.data)
 *(.rela.data.*)
 *(.rela.gnu.linkonce.d*)

.rel.ctors
 *(.rel.ctors)

.rela.ctors
 *(.rela.ctors)

.rel.dtors
 *(.rel.dtors)

.rela.dtors
 *(.rela.dtors)

.rel.got
 *(.rel.got)

.rela.got
 *(.rela.got)

.rel.bss
 *(.rel.bss)

.rela.bss
 *(.rela.bss)

.rel.plt
 *(.rel.plt)

.rela.plt
 *(.rela.plt)

.text           0x00000000      0xb0a
 *(.vectors)
 .vectors       0x00000000       0x54 c:/imt_sdk_win_64/winavr/bin/../lib/gcc/avr/4.3.3/../../../../avr/lib/avr5/crtm32.o
                0x00000000                __vectors
                0x00000000                __vector_default
 *(.vectors)
 *(.progmem.gcc*)
 *(.progmem*)
                0x00000054                . = ALIGN (0x2)
                0x00000054                __trampolines_start = .
 *(.trampolines)
 .trampolines   0x00000054        0x0 linker stubs
 *(.trampolines*)
                0x00000054                __trampolines_end = .
 *(.jumptables)
 *(.jumptables*)
 *(.lowtext)
 *(.lowtext*)
                0x00000054                __ctors_start = .
 *(.ctors)
                0x00000054                __ctors_end = .
                0x00000054                __dtors_start = .
 *(.dtors)
                0x00000054                __dtors_end = .
 SORT(*)(.ctors)
 SORT(*)(.dtors)
 *(.init0)
 .init0         0x00000054        0x0 c:/imt_sdk_win_64/winavr/bin/../lib/gcc/avr/4.3.3/../../../../avr/lib/avr5/crtm32.o
                0x00000054                __init
 *(.init0)
 *(.init1)
 *(.init1)
 *(.init2)
 .init2         0x00000054        0xc c:/imt_sdk_win_64/winavr/bin/../lib/gcc/avr/4.3.3/../../../../avr/lib/avr5/crtm32.o
 *(.init2)
 *(.init3)
 *(.init3)
 *(.init4)
 .init4         0x00000060       0x16 c:/imt_sdk_win_64/winavr/bin/../lib/gcc/avr/4.3.3/avr5\libgcc.a(_copy_data.o)
                0x00000060                __do_copy_data
 .init4         0x00000076       0x10 c:/imt_sdk_win_64/winavr/bin/../lib/gcc/avr/4.3.3/avr5\libgcc.a(_clear_bss.o)
                0x00000076                __do_clear_bss
 *(.init4)
 *(.init5)
 *(.init5)
 *(.init6)
 *(.init6)
 *(.init7)
 *(.init7)
 *(.init8)
 *(.init8)
 *(.init9)
 .init9         0x00000086        0x8 c:/imt_sdk_win_64/winavr/bin/../lib/gcc/avr/4.3.3/../../../../avr/lib/avr5/crtm32.o
 *(.init9)
 *(.text)
 .text          0x0000008e        0x4 c:/imt_sdk_win_64/winavr/bin/../lib/gcc/avr/4.3.3/../../../../avr/lib/avr5/crtm32.o
                0x0000008e                __vector_1
                0x0000008e                __vector_12
                0x0000008e                __bad_interrupt
                0x0000008e                __vector_3
                0x0000008e                __vector_13
                0x0000008e                __vector_17
                0x0000008e                __vector_19
                0x0000008e                __vector_7
                0x0000008e                __vector_5
                0x0000008e                __vector_4
                0x0000008e                __vector_9
                0x0000008e                __vector_2
                0x0000008e                __vector_15
                0x0000008e                __vector_8
                0x0000008e                __vector_14
                0x0000008e                __vector_18
                0x0000008e                __vector_20
 .text          0x00000092        0x0 ./MCAL/TIMERS/TIMERS_prg.o
 .text          0x00000092        0x0 ./MCAL/GIE/GIE_prg.o
 .text          0x00000092        0x0 ./MCAL/EXTI/EXTI_prg.o
 .text          0x00000092        0x0 ./MCAL/DIO/DIO_prg.o
 .text          0x00000092        0x0 ./MCAL/ADC/ADC_prg.o
 .text          0x00000092        0x0 ./HAL/LCD/LCD_prg.o
 .text          0x00000092        0x0 ./APP/main.o
 .text          0x00000092        0x0 c:/imt_sdk_win_64/winavr/bin/../lib/gcc/avr/4.3.3/avr5\libgcc.a(_divmodsi4.o)
 .text          0x00000092        0x0 c:/imt_sdk_win_64/winavr/bin/../lib/gcc/avr/4.3.3/avr5\libgcc.a(_exit.o)
 .text          0x00000092        0x0 c:/imt_sdk_win_64/winavr/bin/../lib/gcc/avr/4.3.3/avr5\libgcc.a(_copy_data.o)
 .text          0x00000092        0x0 c:/imt_sdk_win_64/winavr/bin/../lib/gcc/avr/4.3.3/avr5\libgcc.a(_clear_bss.o)
 .text          0x00000092        0x0 c:/imt_sdk_win_64/winavr/bin/../lib/gcc/avr/4.3.3/avr5\libgcc.a(_udivmodsi4.o)
                0x00000092                . = ALIGN (0x2)
 *(.text.*)
 .text.MTIMERS_vInit
                0x00000092        0xe ./MCAL/TIMERS/TIMERS_prg.o
                0x00000092                MTIMERS_vInit
 .text.MTIMERS_vSetPreloadValue
                0x000000a0        0x8 ./MCAL/TIMERS/TIMERS_prg.o
                0x000000a0                MTIMERS_vSetPreloadValue
 .text.MTIMERS_vSetCompareValue
                0x000000a8       0x14 ./MCAL/TIMERS/TIMERS_prg.o
                0x000000a8                MTIMERS_vSetCompareValue
 .text.MTIMERS_vSetInterval_Asynch
                0x000000bc       0x26 ./MCAL/TIMERS/TIMERS_prg.o
                0x000000bc                MTIMERS_vSetInterval_Asynch
 .text.MTIMERS_vSetInterval_CTC_Asynch
                0x000000e2       0x26 ./MCAL/TIMERS/TIMERS_prg.o
                0x000000e2                MTIMERS_vSetInterval_CTC_Asynch
 .text.MTIMERS_vStartTimer
                0x00000108        0xa ./MCAL/TIMERS/TIMERS_prg.o
                0x00000108                MTIMERS_vStartTimer
 .text.MTIMERS_vStopTimer
                0x00000112        0x8 ./MCAL/TIMERS/TIMERS_prg.o
                0x00000112                MTIMERS_vStopTimer
 .text.MTIMERS_u16GetElapsedTime
                0x0000011a       0x1e ./MCAL/TIMERS/TIMERS_prg.o
                0x0000011a                MTIMERS_u16GetElapsedTime
 .text.MTIMERS_u16GetCapturedTme
                0x00000138        0x8 ./MCAL/TIMERS/TIMERS_prg.o
                0x00000138                MTIMERS_u16GetCapturedTme
 .text.MTIMERS_vSetIcuTrigger
                0x00000140       0x1a ./MCAL/TIMERS/TIMERS_prg.o
                0x00000140                MTIMERS_vSetIcuTrigger
 .text.MTIMERS_vEnableInterrupt
                0x0000015a        0x8 ./MCAL/TIMERS/TIMERS_prg.o
                0x0000015a                MTIMERS_vEnableInterrupt
 .text.MTIMERS_vDisableInterrupt
                0x00000162        0x8 ./MCAL/TIMERS/TIMERS_prg.o
                0x00000162                MTIMERS_vDisableInterrupt
 .text.MTIMERS_vSetCallback
                0x0000016a        0xa ./MCAL/TIMERS/TIMERS_prg.o
                0x0000016a                MTIMERS_vSetCallback
 .text.__vector_11
                0x00000174       0xa2 ./MCAL/TIMERS/TIMERS_prg.o
                0x00000174                __vector_11
 .text.__vector_10
                0x00000216       0xa2 ./MCAL/TIMERS/TIMERS_prg.o
                0x00000216                __vector_10
 .text.__vector_6
                0x000002b8       0x4e ./MCAL/TIMERS/TIMERS_prg.o
                0x000002b8                __vector_6
 .text.MGIE_vEnableGlobalInterrupt
                0x00000306        0x8 ./MCAL/GIE/GIE_prg.o
                0x00000306                MGIE_vEnableGlobalInterrupt
 .text.MGIE_vDisableGlobalInterrupt
                0x0000030e        0x8 ./MCAL/GIE/GIE_prg.o
                0x0000030e                MGIE_vDisableGlobalInterrupt
 .text.MEXTI_vInit
                0x00000316       0x32 ./MCAL/EXTI/EXTI_prg.o
                0x00000316                MEXTI_vInit
 .text.MEXTI_vEnableInterrupt
                0x00000348        0x2 ./MCAL/EXTI/EXTI_prg.o
                0x00000348                MEXTI_vEnableInterrupt
 .text.MEXTI_vDisableInterrupt
                0x0000034a        0x2 ./MCAL/EXTI/EXTI_prg.o
                0x0000034a                MEXTI_vDisableInterrupt
 .text.MEXTI_vSetSenseControl
                0x0000034c        0x2 ./MCAL/EXTI/EXTI_prg.o
                0x0000034c                MEXTI_vSetSenseControl
 .text.MDIO_vSetPinDIR
                0x0000034e       0xf0 ./MCAL/DIO/DIO_prg.o
                0x0000034e                MDIO_vSetPinDIR
 .text.MDIO_vSetPinVal
                0x0000043e       0xe6 ./MCAL/DIO/DIO_prg.o
                0x0000043e                MDIO_vSetPinVal
 .text.MDIO_u8GetPinVal
                0x00000524       0x40 ./MCAL/DIO/DIO_prg.o
                0x00000524                MDIO_u8GetPinVal
 .text.MDIO_vSetPortDIR
                0x00000564       0x22 ./MCAL/DIO/DIO_prg.o
                0x00000564                MDIO_vSetPortDIR
 .text.MDIO_vSetPortVal
                0x00000586       0x22 ./MCAL/DIO/DIO_prg.o
                0x00000586                MDIO_vSetPortVal
 .text.MDIO_vTogPinVal
                0x000005a8       0x6a ./MCAL/DIO/DIO_prg.o
                0x000005a8                MDIO_vTogPinVal
 .text.MADC_vInit
                0x00000612       0x16 ./MCAL/ADC/ADC_prg.o
                0x00000612                MADC_vInit
 .text.MADC_u16AnalogRead
                0x00000628       0x1a ./MCAL/ADC/ADC_prg.o
                0x00000628                MADC_u16AnalogRead
 .text.MADC_vStartConversion
                0x00000642        0xe ./MCAL/ADC/ADC_prg.o
                0x00000642                MADC_vStartConversion
 .text.MADC_u16GetADCData
                0x00000650        0x8 ./MCAL/ADC/ADC_prg.o
                0x00000650                MADC_u16GetADCData
 .text.MADC_vSetCallback
                0x00000658        0xa ./MCAL/ADC/ADC_prg.o
                0x00000658                MADC_vSetCallback
 .text.MADC_vStartADCConversion_Asynch
                0x00000662       0x1e ./MCAL/ADC/ADC_prg.o
                0x00000662                MADC_vStartADCConversion_Asynch
 .text.MADC_xGetFlagStatus
                0x00000680       0x14 ./MCAL/ADC/ADC_prg.o
                0x00000680                MADC_xGetFlagStatus
 .text.__vector_16
                0x00000694       0x76 ./MCAL/ADC/ADC_prg.o
                0x00000694                __vector_16
 .text.HLCD_vSendChar
                0x0000070a       0x4c ./HAL/LCD/LCD_prg.o
                0x0000070a                HLCD_vSendChar
 .text.HLCD_vDisplayCustomChar
                0x00000756        0xa ./HAL/LCD/LCD_prg.o
                0x00000756                HLCD_vDisplayCustomChar
 .text.HLCD_vPrintNumber
                0x00000760       0xc6 ./HAL/LCD/LCD_prg.o
                0x00000760                HLCD_vPrintNumber
 .text.HLCD_vPrintString
                0x00000826       0x26 ./HAL/LCD/LCD_prg.o
                0x00000826                HLCD_vPrintString
 .text.HLCD_vSendCommand
                0x0000084c       0x4c ./HAL/LCD/LCD_prg.o
                0x0000084c                HLCD_vSendCommand
 .text.HLCD_vSaveCustomChar
                0x00000898       0x3e ./HAL/LCD/LCD_prg.o
                0x00000898                HLCD_vSaveCustomChar
 .text.HLCD_vSetCursorPosition
                0x000008d6       0x1a ./HAL/LCD/LCD_prg.o
                0x000008d6                HLCD_vSetCursorPosition
 .text.HLCD_vInit
                0x000008f0       0x78 ./HAL/LCD/LCD_prg.o
                0x000008f0                HLCD_vInit
 .text.main     0x00000968       0x7e ./APP/main.o
                0x00000968                main
 .text.ReadPwm  0x000009e6       0x9c ./APP/main.o
                0x000009e6                ReadPwm
 .text.toggle   0x00000a82        0xa ./APP/main.o
                0x00000a82                toggle
 .text.libgcc   0x00000a8c       0x36 c:/imt_sdk_win_64/winavr/bin/../lib/gcc/avr/4.3.3/avr5\libgcc.a(_divmodsi4.o)
                0x00000a8c                __divmodsi4
 .text.libgcc   0x00000ac2        0x0 c:/imt_sdk_win_64/winavr/bin/../lib/gcc/avr/4.3.3/avr5\libgcc.a(_exit.o)
 .text.libgcc   0x00000ac2        0x0 c:/imt_sdk_win_64/winavr/bin/../lib/gcc/avr/4.3.3/avr5\libgcc.a(_copy_data.o)
 .text.libgcc   0x00000ac2        0x0 c:/imt_sdk_win_64/winavr/bin/../lib/gcc/avr/4.3.3/avr5\libgcc.a(_clear_bss.o)
 .text.libgcc   0x00000ac2       0x44 c:/imt_sdk_win_64/winavr/bin/../lib/gcc/avr/4.3.3/avr5\libgcc.a(_udivmodsi4.o)
                0x00000ac2                __udivmodsi4
                0x00000b06                . = ALIGN (0x2)
 *(.fini9)
 .fini9         0x00000b06        0x0 c:/imt_sdk_win_64/winavr/bin/../lib/gcc/avr/4.3.3/avr5\libgcc.a(_exit.o)
                0x00000b06                exit
                0x00000b06                _exit
 *(.fini9)
 *(.fini8)
 *(.fini8)
 *(.fini7)
 *(.fini7)
 *(.fini6)
 *(.fini6)
 *(.fini5)
 *(.fini5)
 *(.fini4)
 *(.fini4)
 *(.fini3)
 *(.fini3)
 *(.fini2)
 *(.fini2)
 *(.fini1)
 *(.fini1)
 *(.fini0)
 .fini0         0x00000b06        0x4 c:/imt_sdk_win_64/winavr/bin/../lib/gcc/avr/4.3.3/avr5\libgcc.a(_exit.o)
 *(.fini0)
                0x00000b0a                _etext = .

.data           0x00800060        0x2 load address 0x00000b0a
                0x00800060                PROVIDE (__data_start, .)
 *(.data)
 .data          0x00800060        0x0 c:/imt_sdk_win_64/winavr/bin/../lib/gcc/avr/4.3.3/../../../../avr/lib/avr5/crtm32.o
 .data          0x00800060        0x0 ./MCAL/TIMERS/TIMERS_prg.o
 .data          0x00800060        0x0 ./MCAL/GIE/GIE_prg.o
 .data          0x00800060        0x0 ./MCAL/EXTI/EXTI_prg.o
 .data          0x00800060        0x0 ./MCAL/DIO/DIO_prg.o
 .data          0x00800060        0x0 ./MCAL/ADC/ADC_prg.o
 .data          0x00800060        0x0 ./HAL/LCD/LCD_prg.o
 .data          0x00800060        0x0 ./APP/main.o
 .data          0x00800060        0x0 c:/imt_sdk_win_64/winavr/bin/../lib/gcc/avr/4.3.3/avr5\libgcc.a(_divmodsi4.o)
 .data          0x00800060        0x0 c:/imt_sdk_win_64/winavr/bin/../lib/gcc/avr/4.3.3/avr5\libgcc.a(_exit.o)
 .data          0x00800060        0x0 c:/imt_sdk_win_64/winavr/bin/../lib/gcc/avr/4.3.3/avr5\libgcc.a(_copy_data.o)
 .data          0x00800060        0x0 c:/imt_sdk_win_64/winavr/bin/../lib/gcc/avr/4.3.3/avr5\libgcc.a(_clear_bss.o)
 .data          0x00800060        0x0 c:/imt_sdk_win_64/winavr/bin/../lib/gcc/avr/4.3.3/avr5\libgcc.a(_udivmodsi4.o)
 *(.data*)
 .data.xADCFlag
                0x00800060        0x1 ./MCAL/ADC/ADC_prg.o
                0x00800060                xADCFlag
 *(.rodata)
 *(.rodata*)
 *(.gnu.linkonce.d*)
                0x00800062                . = ALIGN (0x2)
 *fill*         0x00800061        0x1 00
                0x00800062                _edata = .
                0x00800062                PROVIDE (__data_end, .)

.bss            0x00800062       0x24
                0x00800062                PROVIDE (__bss_start, .)
 *(.bss)
 .bss           0x00800062        0x0 c:/imt_sdk_win_64/winavr/bin/../lib/gcc/avr/4.3.3/../../../../avr/lib/avr5/crtm32.o
 .bss           0x00800062        0x0 ./MCAL/TIMERS/TIMERS_prg.o
 .bss           0x00800062        0x0 ./MCAL/GIE/GIE_prg.o
 .bss           0x00800062        0x0 ./MCAL/EXTI/EXTI_prg.o
 .bss           0x00800062        0x0 ./MCAL/DIO/DIO_prg.o
 .bss           0x00800062        0x0 ./MCAL/ADC/ADC_prg.o
 .bss           0x00800062        0x0 ./HAL/LCD/LCD_prg.o
 .bss           0x00800062        0x0 ./APP/main.o
 .bss           0x00800062        0x0 c:/imt_sdk_win_64/winavr/bin/../lib/gcc/avr/4.3.3/avr5\libgcc.a(_divmodsi4.o)
 .bss           0x00800062        0x0 c:/imt_sdk_win_64/winavr/bin/../lib/gcc/avr/4.3.3/avr5\libgcc.a(_exit.o)
 .bss           0x00800062        0x0 c:/imt_sdk_win_64/winavr/bin/../lib/gcc/avr/4.3.3/avr5\libgcc.a(_copy_data.o)
 .bss           0x00800062        0x0 c:/imt_sdk_win_64/winavr/bin/../lib/gcc/avr/4.3.3/avr5\libgcc.a(_clear_bss.o)
 .bss           0x00800062        0x0 c:/imt_sdk_win_64/winavr/bin/../lib/gcc/avr/4.3.3/avr5\libgcc.a(_udivmodsi4.o)
 *(.bss*)
 .bss.LS_u32Counter.1344
                0x00800062        0x4 ./MCAL/TIMERS/TIMERS_prg.o
 .bss.LS_u32Counter.1334
                0x00800066        0x4 ./MCAL/TIMERS/TIMERS_prg.o
 .bss.G_TIM0_OVF_Callback
                0x0080006a        0x2 ./MCAL/TIMERS/TIMERS_prg.o
 .bss.G_TIM0_CTC_Callback
                0x0080006c        0x2 ./MCAL/TIMERS/TIMERS_prg.o
 .bss.GS_TIM1_ICU_Callback
                0x0080006e        0x2 ./MCAL/TIMERS/TIMERS_prg.o
 .bss.Reading_Flag
                0x00800070        0x1 ./APP/main.o
                0x00800070                Reading_Flag
 .bss.TimeReadings.1336
                0x00800071        0x6 ./APP/main.o
 .bss.counter.1335
                0x00800077        0x1 ./APP/main.o
 *(COMMON)
 COMMON         0x00800078        0x4 ./MCAL/TIMERS/TIMERS_prg.o
                0x00800078                G_u32IntervalCount
 COMMON         0x0080007c        0x6 ./MCAL/ADC/ADC_prg.o
                0x0080007c                ADC_Callback_2
                0x0080007e                ADC_Callback
                0x00800080                G_pu16ADC_Data
 COMMON         0x00800082        0x4 ./APP/main.o
                0x00800082                ONTime
                0x00800084                PeriodicTime
                0x00800086                PROVIDE (__bss_end, .)
                0x00000b0a                __data_load_start = LOADADDR (.data)
                0x00000b0c                __data_load_end = (__data_load_start + SIZEOF (.data))

.noinit         0x00800086        0x0
                0x00800086                PROVIDE (__noinit_start, .)
 *(.noinit*)
                0x00800086                PROVIDE (__noinit_end, .)
                0x00800086                _end = .
                0x00800086                PROVIDE (__heap_start, .)

.eeprom         0x00810000        0x0
 *(.eeprom*)
                0x00810000                __eeprom_end = .

.fuse
 *(.fuse)
 *(.lfuse)
 *(.hfuse)
 *(.efuse)

.lock
 *(.lock*)

.signature
 *(.signature*)

.stab
 *(.stab)

.stabstr
 *(.stabstr)

.stab.excl
 *(.stab.excl)

.stab.exclstr
 *(.stab.exclstr)

.stab.index
 *(.stab.index)

.stab.indexstr
 *(.stab.indexstr)

.comment
 *(.comment)

.debug
 *(.debug)

.line
 *(.line)

.debug_srcinfo
 *(.debug_srcinfo)

.debug_sfnames
 *(.debug_sfnames)

.debug_aranges
 *(.debug_aranges)

.debug_pubnames
 *(.debug_pubnames)

.debug_info
 *(.debug_info)
 *(.gnu.linkonce.wi.*)

.debug_abbrev
 *(.debug_abbrev)

.debug_line
 *(.debug_line)

.debug_frame
 *(.debug_frame)

.debug_str
 *(.debug_str)

.debug_loc
 *(.debug_loc)

.debug_macinfo
 *(.debug_macinfo)
OUTPUT(08-Timers_driver.elf elf32-avr)
LOAD linker stubs
